Archive member included to satisfy reference by file (symbol)

app/libapp.a(main.c.obj)      (--whole-archive)
zephyr/libzephyr.a(cbprintf.c.obj)
                              (--whole-archive)
zephyr/libzephyr.a(cbprintf_packaged.c.obj)
                              (--whole-archive)
zephyr/libzephyr.a(crc32c_sw.c.obj)
                              (--whole-archive)
zephyr/libzephyr.a(crc32_sw.c.obj)
                              (--whole-archive)
zephyr/libzephyr.a(crc16_sw.c.obj)
                              (--whole-archive)
zephyr/libzephyr.a(crc8_sw.c.obj)
                              (--whole-archive)
zephyr/libzephyr.a(crc7_sw.c.obj)
                              (--whole-archive)
zephyr/libzephyr.a(dec.c.obj)
                              (--whole-archive)
zephyr/libzephyr.a(fdtable.c.obj)
                              (--whole-archive)
zephyr/libzephyr.a(hex.c.obj)
                              (--whole-archive)
zephyr/libzephyr.a(notify.c.obj)
                              (--whole-archive)
zephyr/libzephyr.a(printk.c.obj)
                              (--whole-archive)
zephyr/libzephyr.a(onoff.c.obj)
                              (--whole-archive)
zephyr/libzephyr.a(rb.c.obj)  (--whole-archive)
zephyr/libzephyr.a(sem.c.obj)
                              (--whole-archive)
zephyr/libzephyr.a(thread_entry.c.obj)
                              (--whole-archive)
zephyr/libzephyr.a(timeutil.c.obj)
                              (--whole-archive)
zephyr/libzephyr.a(heap.c.obj)
                              (--whole-archive)
zephyr/libzephyr.a(heap-validate.c.obj)
                              (--whole-archive)
zephyr/libzephyr.a(bitarray.c.obj)
                              (--whole-archive)
zephyr/libzephyr.a(multi_heap.c.obj)
                              (--whole-archive)
zephyr/libzephyr.a(cbprintf_complete.c.obj)
                              (--whole-archive)
zephyr/libzephyr.a(assert.c.obj)
                              (--whole-archive)
zephyr/libzephyr.a(reboot.c.obj)
                              (--whole-archive)
zephyr/libzephyr.a(configs.c.obj)
                              (--whole-archive)
zephyr/libzephyr.a(soc_nrf_common.S.obj)
                              (--whole-archive)
zephyr/libzephyr.a(validate_base_addresses.c.obj)
                              (--whole-archive)
zephyr/libzephyr.a(validate_enabled_instances.c.obj)
                              (--whole-archive)
zephyr/libzephyr.a(thread_info.c.obj)
                              (--whole-archive)
zephyr/libzephyr.a(pm.c.obj)  (--whole-archive)
zephyr/libzephyr.a(policy.c.obj)
                              (--whole-archive)
zephyr/libzephyr.a(state.c.obj)
                              (--whole-archive)
zephyr/libzephyr.a(tracing_none.c.obj)
                              (--whole-archive)
zephyr/libzephyr.a(nrf_cc3xx_platform_abort_zephyr.c.obj)
                              (--whole-archive)
zephyr/libzephyr.a(nrf_cc3xx_platform_mutex_zephyr.c.obj)
                              (--whole-archive)
zephyr/arch/common/libarch__common.a(sw_isr_common.c.obj)
                              (--whole-archive)
zephyr/arch/arch/arm/core/aarch32/libarch__arm__core__aarch32.a(cpu_idle.S.obj)
                              (--whole-archive)
zephyr/arch/arch/arm/core/aarch32/libarch__arm__core__aarch32.a(fatal.c.obj)
                              (--whole-archive)
zephyr/arch/arch/arm/core/aarch32/libarch__arm__core__aarch32.a(irq_manage.c.obj)
                              (--whole-archive)
zephyr/arch/arch/arm/core/aarch32/libarch__arm__core__aarch32.a(nmi.c.obj)
                              (--whole-archive)
zephyr/arch/arch/arm/core/aarch32/libarch__arm__core__aarch32.a(nmi_on_reset.S.obj)
                              (--whole-archive)
zephyr/arch/arch/arm/core/aarch32/libarch__arm__core__aarch32.a(prep_c.c.obj)
                              (--whole-archive)
zephyr/arch/arch/arm/core/aarch32/libarch__arm__core__aarch32.a(swap.c.obj)
                              (--whole-archive)
zephyr/arch/arch/arm/core/aarch32/libarch__arm__core__aarch32.a(swap_helper.S.obj)
                              (--whole-archive)
zephyr/arch/arch/arm/core/aarch32/libarch__arm__core__aarch32.a(thread.c.obj)
                              (--whole-archive)
zephyr/arch/arch/arm/core/aarch32/libarch__arm__core__aarch32.a(isr_wrapper.S.obj)
                              (--whole-archive)
zephyr/arch/arch/arm/core/aarch32/cortex_m/libarch__arm__core__aarch32__cortex_m.a(exc_exit.S.obj)
                              (--whole-archive)
zephyr/arch/arch/arm/core/aarch32/cortex_m/libarch__arm__core__aarch32__cortex_m.a(fault.c.obj)
                              (--whole-archive)
zephyr/arch/arch/arm/core/aarch32/cortex_m/libarch__arm__core__aarch32__cortex_m.a(fault_s.S.obj)
                              (--whole-archive)
zephyr/arch/arch/arm/core/aarch32/cortex_m/libarch__arm__core__aarch32__cortex_m.a(fpu.c.obj)
                              (--whole-archive)
[...]
Memory Configuration

Name             Origin             Length             Attributes
FLASH            0x0000000000000000 0x0000000000100000 xr
SRAM             0x0000000020000000 0x0000000000040000 xw
IDT_LIST         0x00000000fffff7ff 0x0000000000000800 xw
*default*        0x0000000000000000 0xffffffffffffffff

Linker script and memory map

LOAD zephyr/CMakeFiles/zephyr_final.dir/misc/empty_file.c.obj
LOAD zephyr/CMakeFiles/zephyr_final.dir/dev_handles.c.obj
LOAD zephyr/CMakeFiles/zephyr_final.dir/isr_tables.c.obj
                0x0000000000000020                _region_min_align = 0x20

.rel.plt        0x0000000000000000        0x0
 *(SORT_BY_ALIGNMENT(.rel.plt))
                [!provide]                        PROVIDE (__rel_iplt_start = .)
 *(SORT_BY_ALIGNMENT(.rel.iplt))
 .rel.iplt      0x0000000000000000        0x0 zephyr/CMakeFiles/zephyr_final.dir/isr_tables.c.obj
                [!provide]                        PROVIDE (__rel_iplt_end = .)

.rela.plt       0x0000000000000000        0x0
 *(SORT_BY_ALIGNMENT(.rela.plt))
                [!provide]                        PROVIDE (__rela_iplt_start = .)
 *(SORT_BY_ALIGNMENT(.rela.iplt))
                [!provide]                        PROVIDE (__rela_iplt_end = .)

.rel.dyn
 *(SORT_BY_ALIGNMENT(.rel.*))

.rela.dyn
 *(SORT_BY_ALIGNMENT(.rela.*))

/DISCARD/
 *(SORT_BY_ALIGNMENT(.plt))
 *(SORT_BY_ALIGNMENT(.iplt))
 *(SORT_BY_ALIGNMENT(.got.plt))
 *(SORT_BY_ALIGNMENT(.igot.plt))
 *(SORT_BY_ALIGNMENT(.got))
 *(SORT_BY_ALIGNMENT(.igot))
 *(SORT_BY_ALIGNMENT(.irq_info*))
 *(SORT_BY_ALIGNMENT(.intList*))
 *(SORT_BY_ALIGNMENT(.note.GNU-stack))
                0x0000000000000000                __rom_region_start = 0x0

rom_start       0x0000000000000000      0x100
                0x0000000000000000                . = 0x0
                0x0000000000000000                . = ALIGN (0x4)
                0x0000000000000000                . = ALIGN (0x80)
                0x0000000000000000                . = ALIGN (0x100)
                0x0000000000000000                _vector_start = .
 *(SORT_BY_ALIGNMENT(.exc_vector_table))
 *(SORT_BY_ALIGNMENT(.exc_vector_table.*))
 .exc_vector_table._vector_table_section
                0x0000000000000000       0x40 zephyr/arch/arch/arm/core/aarch32/cortex_m/libarch__arm__core__aarch32__cortex_m.a(vector_table.S.obj)
                0x0000000000000000                _vector_table
 *(SORT_BY_ALIGNMENT(.gnu.linkonce.irq_vector_table*))
 .gnu.linkonce.irq_vector_table
                0x0000000000000040       0xc0 zephyr/CMakeFiles/zephyr_final.dir/isr_tables.c.obj
                0x0000000000000040                _irq_vector_table
 *(SORT_BY_ALIGNMENT(.vectors))
                0x0000000000000100                _vector_end = .

text            0x0000000000000100     0x71a4
                0x0000000000000100                __text_region_start = .
 *(SORT_BY_ALIGNMENT(.text))
 .text          0x0000000000000100       0x30 c:/ncs/toolchains/v2.0.0/opt/zephyr-sdk/arm-zephyr-eabi/bin/../lib/gcc/arm-zephyr-eabi/10.3.0/thumb/v7e-m/nofp\libgcc.a(_aeabi_uldivmod.o)
                0x0000000000000100                __aeabi_uldivmod
 .text          0x0000000000000130        0x4 c:/ncs/toolchains/v2.0.0/opt/zephyr-sdk/arm-zephyr-eabi/bin/../lib/gcc/arm-zephyr-eabi/10.3.0/thumb/v7e-m/nofp\libgcc.a(_dvmd_tls.o)
                0x0000000000000130                __aeabi_idiv0
                0x0000000000000130                __aeabi_ldiv0
 .text          0x0000000000000134      0x2a6 c:/ncs/toolchains/v2.0.0/opt/zephyr-sdk/arm-zephyr-eabi/bin/../lib/gcc/arm-zephyr-eabi/10.3.0/thumb/v7e-m/nofp\libgcc.a(_udivmoddi4.o)
                0x0000000000000134                __udivmoddi4
 *(SORT_BY_ALIGNMENT(.text.*))
 *fill*         0x00000000000003da        0x2 
 .text.uart_cb  0x00000000000003dc       0x68 app/libapp.a(main.c.obj)
 .text.main     0x0000000000000444       0xc0 app/libapp.a(main.c.obj)
                0x0000000000000444                main
 .text.char_out
                0x0000000000000504       0x14 zephyr/libzephyr.a(printk.c.obj)
 .text.__printk_hook_install
                0x0000000000000518        0xc zephyr/libzephyr.a(printk.c.obj)
                0x0000000000000518                __printk_hook_install
 .text.vprintk  0x0000000000000524       0x20 zephyr/libzephyr.a(printk.c.obj)
                0x0000000000000524                vprintk
 .text.process_event
                0x0000000000000544      0x158 zephyr/libzephyr.a(onoff.c.obj)
 .text.extract_conversion
                0x000000000000069c      0x314 zephyr/libzephyr.a(cbprintf_complete.c.obj)
 .text.cbvprintf
                0x00000000000009b0      0x5d0 zephyr/libzephyr.a(cbprintf_complete.c.obj)
                0x00000000000009b0                cbvprintf
 .text.sys_reboot
                0x0000000000000f80       0x28 zephyr/libzephyr.a(reboot.c.obj)
                0x0000000000000f80                sys_reboot
 .text.pm_system_resume
                0x0000000000000fa8       0xc0 zephyr/libzephyr.a(pm.c.obj)
                0x0000000000000fa8                pm_system_resume
 .text.pm_system_suspend
                0x0000000000001068      0x184 zephyr/libzephyr.a(pm.c.obj)
                0x0000000000001068                pm_system_suspend
 .text.pm_policy_state_lock_is_active
                0x00000000000011ec       0x1c zephyr/libzephyr.a(policy.c.obj)
                0x00000000000011ec                pm_policy_state_lock_is_active
 .text.pm_policy_next_state
                0x0000000000001208       0x94 zephyr/libzephyr.a(policy.c.obj)
                0x0000000000001208                pm_policy_next_state
 .text.pm_state_cpu_get_all
                0x000000000000129c       0x10 zephyr/libzephyr.a(state.c.obj)
                0x000000000000129c                pm_state_cpu_get_all
 .text.nrf_cc3xx_platform_abort_init
                0x00000000000012ac       0x10 zephyr/libzephyr.a(nrf_cc3xx_platform_abort_zephyr.c.obj)
                0x00000000000012ac                nrf_cc3xx_platform_abort_init
 .text.mutex_unlock_platform
                0x00000000000012bc       0x50 zephyr/libzephyr.a(nrf_cc3xx_platform_mutex_zephyr.c.obj)
 .text.mutex_lock_platform
                0x000000000000130c       0x5c zephyr/libzephyr.a(nrf_cc3xx_platform_mutex_zephyr.c.obj)
 .text.mutex_free_platform
                0x0000000000001368       0x4c zephyr/libzephyr.a(nrf_cc3xx_platform_mutex_zephyr.c.obj)
 .text.mutex_init_platform
                0x00000000000013b4       0x74 zephyr/libzephyr.a(nrf_cc3xx_platform_mutex_zephyr.c.obj)
 .text.nrf_cc3xx_platform_mutex_init
                0x0000000000001428       0x28 zephyr/libzephyr.a(nrf_cc3xx_platform_mutex_zephyr.c.obj)
                0x0000000000001428                nrf_cc3xx_platform_mutex_init
 .text.z_arm_cpu_idle_init
                0x0000000000001450        0xc zephyr/arch/arch/arm/core/aarch32/libarch__arm__core__aarch32.a(cpu_idle.S.obj)
                0x0000000000001450                z_arm_cpu_idle_init
 .text.arch_cpu_idle
                0x000000000000145c       0x1c zephyr/arch/arch/arm/core/aarch32/libarch__arm__core__aarch32.a(cpu_idle.S.obj)
                0x000000000000145c                arch_cpu_idle
 .text.arch_cpu_atomic_idle
                0x0000000000001478       0x14 zephyr/arch/arch/arm/core/aarch32/libarch__arm__core__aarch32.a(cpu_idle.S.obj)
                0x0000000000001478                arch_cpu_atomic_idle
 .text.arch_irq_enable
                0x000000000000148c       0x1c zephyr/arch/arch/arm/core/aarch32/libarch__arm__core__aarch32.a(irq_manage.c.obj)
                0x000000000000148c                arch_irq_enable
 .text.arch_irq_is_enabled
                0x00000000000014a8       0x1c zephyr/arch/arch/arm/core/aarch32/libarch__arm__core__aarch32.a(irq_manage.c.obj)
                0x00000000000014a8                arch_irq_is_enabled
 .text.z_arm_irq_priority_set
                0x00000000000014c4       0x2c zephyr/arch/arch/arm/core/aarch32/libarch__arm__core__aarch32.a(irq_manage.c.obj)
                0x00000000000014c4                z_arm_irq_priority_set
 .text.z_SysNmiOnReset
                0x00000000000014f0        0x8 zephyr/arch/arch/arm/core/aarch32/libarch__arm__core__aarch32.a(nmi_on_reset.S.obj)
                0x00000000000014f0                z_SysNmiOnReset
 .text.z_arm_prep_c
                0x00000000000014f8       0x38 zephyr/arch/arch/arm/core/aarch32/libarch__arm__core__aarch32.a(prep_c.c.obj)
                0x00000000000014f8                z_arm_prep_c
 .text.arch_swap
                0x0000000000001530       0x38 zephyr/arch/arch/arm/core/aarch32/libarch__arm__core__aarch32.a(swap.c.obj)
                0x0000000000001530                arch_swap
 .text.z_arm_pendsv
                0x0000000000001568       0x58 zephyr/arch/arch/arm/core/aarch32/libarch__arm__core__aarch32.a(swap_helper.S.obj)
                0x0000000000001568                z_arm_pendsv
 .text.z_arm_svc
                0x00000000000015c0       0x20 zephyr/arch/arch/arm/core/aarch32/libarch__arm__core__aarch32.a(swap_helper.S.obj)
                0x00000000000015c0                z_arm_svc
 .text.arch_new_thread
                0x00000000000015e0       0x44 zephyr/arch/arch/arm/core/aarch32/libarch__arm__core__aarch32.a(thread.c.obj)
                0x00000000000015e0                arch_new_thread
 .text.z_check_thread_stack_fail
                0x0000000000001624       0x50 zephyr/arch/arch/arm/core/aarch32/libarch__arm__core__aarch32.a(thread.c.obj)
                0x0000000000001624                z_check_thread_stack_fail
 .text.arch_switch_to_main_thread
                0x0000000000001674       0x2c zephyr/arch/arch/arm/core/aarch32/libarch__arm__core__aarch32.a(thread.c.obj)
                0x0000000000001674                arch_switch_to_main_thread
 .text._isr_wrapper
                0x00000000000016a0       0x40 zephyr/arch/arch/arm/core/aarch32/libarch__arm__core__aarch32.a(isr_wrapper.S.obj)
                0x00000000000016a0                _isr_wrapper
 .text._HandlerModeExit
                0x00000000000016e0       0x1c zephyr/arch/arch/arm/core/aarch32/cortex_m/libarch__arm__core__aarch32__cortex_m.a(exc_exit.S.obj)
                0x00000000000016e0                z_arm_int_exit
                0x00000000000016e0                z_arm_exc_exit
 .text.bus_fault
                0x00000000000016fc       0x54 zephyr/arch/arch/arm/core/aarch32/cortex_m/libarch__arm__core__aarch32__cortex_m.a(fault.c.obj)
 .text.usage_fault
                0x0000000000001750       0x24 zephyr/arch/arch/arm/core/aarch32/cortex_m/libarch__arm__core__aarch32__cortex_m.a(fault.c.obj)
 .text.mem_manage_fault
                0x0000000000001774       0xa0 zephyr/arch/arch/arm/core/aarch32/cortex_m/libarch__arm__core__aarch32__cortex_m.a(fault.c.obj)
 .text.hard_fault
                0x0000000000001814       0x7c zephyr/arch/arch/arm/core/aarch32/cortex_m/libarch__arm__core__aarch32__cortex_m.a(fault.c.obj)
 .text.z_arm_fault
                0x0000000000001890       0x94 zephyr/arch/arch/arm/core/aarch32/cortex_m/libarch__arm__core__aarch32__cortex_m.a(fault.c.obj)
                0x0000000000001890                z_arm_fault
 .text.z_arm_fault_init
                0x0000000000001924       0x10 zephyr/arch/arch/arm/core/aarch32/cortex_m/libarch__arm__core__aarch32__cortex_m.a(fault.c.obj)
                0x0000000000001924                z_arm_fault_init
 .text.__fault  0x0000000000001934       0x14 zephyr/arch/arch/arm/core/aarch32/cortex_m/libarch__arm__core__aarch32__cortex_m.a(fault_s.S.obj)
                0x0000000000001934                z_arm_usage_fault
                0x0000000000001934                z_arm_mpu_fault
                0x0000000000001934                z_arm_exc_spurious
                0x0000000000001934                z_arm_debug_monitor
                0x0000000000001934                z_arm_hard_fault
                0x0000000000001934                z_arm_bus_fault
 .text.z_arm_interrupt_init
                0x0000000000001948       0x34 zephyr/arch/arch/arm/core/aarch32/cortex_m/libarch__arm__core__aarch32__cortex_m.a(irq_init.c.obj)
                0x0000000000001948                z_arm_interrupt_init
 .text._reset_section
                0x000000000000197c       0x54 zephyr/arch/arch/arm/core/aarch32/cortex_m/libarch__arm__core__aarch32__cortex_m.a(reset.S.obj)
                0x000000000000197c                __start
                0x000000000000197c                z_arm_reset
 .text.z_arm_clear_arm_mpu_config
                0x00000000000019d0       0x28 zephyr/arch/arch/arm/core/aarch32/cortex_m/libarch__arm__core__aarch32__cortex_m.a(scb.c.obj)
                0x00000000000019d0                z_arm_clear_arm_mpu_config
 .text.z_arm_init_arch_hw_at_boot
                0x00000000000019f8       0x54 zephyr/arch/arch/arm/core/aarch32/cortex_m/libarch__arm__core__aarch32__cortex_m.a(scb.c.obj)
                0x00000000000019f8                z_arm_init_arch_hw_at_boot
 .text.z_impl_k_thread_abort
                0x0000000000001a4c       0x34 zephyr/arch/arch/arm/core/aarch32/cortex_m/libarch__arm__core__aarch32__cortex_m.a(thread_abort.c.obj)
                0x0000000000001a4c                z_impl_k_thread_abort
 .text.z_arm_configure_static_mpu_regions
                0x0000000000001a80       0x1c zephyr/arch/arch/arm/core/aarch32/mpu/libarch__arm__core__aarch32__mpu.a(arm_core_mpu.c.obj)
                0x0000000000001a80                z_arm_configure_static_mpu_regions
 .text.z_arm_configure_dynamic_mpu_regions
                0x0000000000001a9c       0x24 zephyr/arch/arch/arm/core/aarch32/mpu/libarch__arm__core__aarch32__mpu.a(arm_core_mpu.c.obj)
                0x0000000000001a9c                z_arm_configure_dynamic_mpu_regions
 .text.region_init
                0x0000000000001ac0       0x28 zephyr/arch/arch/arm/core/aarch32/mpu/libarch__arm__core__aarch32__mpu.a(arm_mpu.c.obj)
 .text.mpu_configure_static_mpu_regions
                0x0000000000001ae8       0x14 zephyr/arch/arch/arm/core/aarch32/mpu/libarch__arm__core__aarch32__mpu.a(arm_mpu.c.obj)
 .text.mpu_configure_dynamic_mpu_regions
                0x0000000000001afc       0x34 zephyr/arch/arch/arm/core/aarch32/mpu/libarch__arm__core__aarch32__mpu.a(arm_mpu.c.obj)
 .text.arm_core_mpu_enable
                0x0000000000001b30       0x18 zephyr/arch/arch/arm/core/aarch32/mpu/libarch__arm__core__aarch32__mpu.a(arm_mpu.c.obj)
                0x0000000000001b30                arm_core_mpu_enable
 .text.arm_core_mpu_disable
                0x0000000000001b48       0x14 zephyr/arch/arch/arm/core/aarch32/mpu/libarch__arm__core__aarch32__mpu.a(arm_mpu.c.obj)
                0x0000000000001b48                arm_core_mpu_disable
 .text.z_arm_mpu_init
                0x0000000000001b5c       0x44 zephyr/arch/arch/arm/core/aarch32/mpu/libarch__arm__core__aarch32__mpu.a(arm_mpu.c.obj)
                0x0000000000001b5c                z_arm_mpu_init
 .text.__stdout_hook_install
                0x0000000000001ba0        0xc zephyr/lib/libc/minimal/liblib__libc__minimal.a(stdout_console.c.obj)
                0x0000000000001ba0                __stdout_hook_install
 .text.nordicsemi_nrf52_init
                0x0000000000001bac       0x4c zephyr/soc/arm/nordic_nrf/nrf52/libsoc__arm__nordic_nrf__nrf52.a(soc.c.obj)
 .text.sys_arch_reboot
                0x0000000000001bf8       0x2c zephyr/soc/arm/nordic_nrf/nrf52/libsoc__arm__nordic_nrf__nrf52.a(soc.c.obj)
                0x0000000000001bf8                sys_arch_reboot
 .text.arch_busy_wait
                0x0000000000001c24       0x18 zephyr/soc/arm/nordic_nrf/nrf52/libsoc__arm__nordic_nrf__nrf52.a(soc.c.obj)
                0x0000000000001c24                arch_busy_wait
 .text.get_hf_flags
                0x0000000000001c3c        0x8 zephyr/drivers/clock_control/libdrivers__clock_control.a(clock_control_nrf.c.obj)
 .text.get_subsys
                0x0000000000001c44       0x18 zephyr/drivers/clock_control/libdrivers__clock_control.a(clock_control_nrf.c.obj)
 .text.onoff_stop
                0x0000000000001c5c       0x20 zephyr/drivers/clock_control/libdrivers__clock_control.a(clock_control_nrf.c.obj)
 .text.onoff_start
                0x0000000000001c7c       0x34 zephyr/drivers/clock_control/libdrivers__clock_control.a(clock_control_nrf.c.obj)
 .text.clock_event_handler
                0x0000000000001cb0       0x34 zephyr/drivers/clock_control/libdrivers__clock_control.a(clock_control_nrf.c.obj)
 .text.generic_hfclk_start
                0x0000000000001ce4       0x68 zephyr/drivers/clock_control/libdrivers__clock_control.a(clock_control_nrf.c.obj)
 .text.generic_hfclk_stop
                0x0000000000001d4c       0x30 zephyr/drivers/clock_control/libdrivers__clock_control.a(clock_control_nrf.c.obj)
 .text.api_blocking_start
                0x0000000000001d7c       0x38 zephyr/drivers/clock_control/libdrivers__clock_control.a(clock_control_nrf.c.obj)
 .text.clk_init
                0x0000000000001db4       0x60 zephyr/drivers/clock_control/libdrivers__clock_control.a(clock_control_nrf.c.obj)
 .text.lfclk_spinwait
                0x0000000000001e14       0xe4 zephyr/drivers/clock_control/libdrivers__clock_control.a(clock_control_nrf.c.obj)
 .text.z_nrf_clock_control_lf_on
                0x0000000000001ef8       0x54 zephyr/drivers/clock_control/libdrivers__clock_control.a(clock_control_nrf.c.obj)
                0x0000000000001ef8                z_nrf_clock_control_lf_on
 .text.console_out
                0x0000000000001f4c       0x2c zephyr/drivers/console/libdrivers__console.a(uart_console.c.obj)
 .text.uart_console_hook_install
                0x0000000000001f78       0x18 zephyr/drivers/console/libdrivers__console.a(uart_console.c.obj)
 .text.uart_console_init
                0x0000000000001f90       0x24 zephyr/drivers/console/libdrivers__console.a(uart_console.c.obj)
 .text.get_dev  0x0000000000001fb4       0x1c zephyr/drivers/gpio/libdrivers__gpio.a(gpio_nrfx.c.obj)
 .text.gpio_nrfx_pin_interrupt_configure
                0x0000000000001fd0       0xc8 zephyr/drivers/gpio/libdrivers__gpio.a(gpio_nrfx.c.obj)
 .text.pin_uninit
                0x0000000000002098       0x48 zephyr/drivers/gpio/libdrivers__gpio.a(gpio_nrfx.c.obj)
 .text.gpio_nrfx_pin_configure
                0x00000000000020e0      0x104 zephyr/drivers/gpio/libdrivers__gpio.a(gpio_nrfx.c.obj)
 .text.gpio_nrfx_init
                0x00000000000021e4       0x3c zephyr/drivers/gpio/libdrivers__gpio.a(gpio_nrfx.c.obj)
 .text.baudrate_set
                0x0000000000002220      0x150 zephyr/drivers/serial/libdrivers__serial.a(uart_nrfx_uarte.c.obj)
 .text.uarte_nrfx_poll_out
                0x0000000000002370       0x90 zephyr/drivers/serial/libdrivers__serial.a(uart_nrfx_uarte.c.obj)
 .text.uarte_nrfx_rx_enable
                0x0000000000002400      0x118 zephyr/drivers/serial/libdrivers__serial.a(uart_nrfx_uarte.c.obj)
 .text.uarte_nrfx_tx
                0x0000000000002518       0xcc zephyr/drivers/serial/libdrivers__serial.a(uart_nrfx_uarte.c.obj)
 .text.rxstarted_isr
                0x00000000000025e4       0x74 zephyr/drivers/serial/libdrivers__serial.a(uart_nrfx_uarte.c.obj)
 .text.endtx_stoptx_ppi_init
                0x0000000000002658       0x48 zephyr/drivers/serial/libdrivers__serial.a(uart_nrfx_uarte.c.obj)
 .text.uarte_nrfx_init
                0x00000000000026a0       0x88 zephyr/drivers/serial/libdrivers__serial.a(uart_nrfx_uarte.c.obj)
 .text.set_comparator
                0x0000000000002728       0x14 zephyr/drivers/timer/libdrivers__timer.a(nrf_rtc_timer.c.obj)
 .text.get_comparator
                0x000000000000273c       0x10 zephyr/drivers/timer/libdrivers__timer.a(nrf_rtc_timer.c.obj)
 .text.event_enable
                0x000000000000274c       0x14 zephyr/drivers/timer/libdrivers__timer.a(nrf_rtc_timer.c.obj)
 .text.event_disable
                0x0000000000002760       0x14 zephyr/drivers/timer/libdrivers__timer.a(nrf_rtc_timer.c.obj)
 .text.counter  0x0000000000002774        0xc zephyr/drivers/timer/libdrivers__timer.a(nrf_rtc_timer.c.obj)
 .text.compare_int_lock
                0x0000000000002780       0x50 zephyr/drivers/timer/libdrivers__timer.a(nrf_rtc_timer.c.obj)
 .text.channel_processing_check_and_clear
                0x00000000000027d0       0x78 zephyr/drivers/timer/libdrivers__timer.a(nrf_rtc_timer.c.obj)
 .text.compare_int_unlock
                0x0000000000002848       0x60 zephyr/drivers/timer/libdrivers__timer.a(nrf_rtc_timer.c.obj)
 .text.sys_clock_timeout_handler
                0x00000000000028a8       0x78 zephyr/drivers/timer/libdrivers__timer.a(nrf_rtc_timer.c.obj)
 .text.z_nrf_rtc_timer_read
                0x0000000000002920       0x40 zephyr/drivers/timer/libdrivers__timer.a(nrf_rtc_timer.c.obj)
                0x0000000000002920                z_nrf_rtc_timer_read
 .text.compare_set_nolocks
                0x0000000000002960       0xa0 zephyr/drivers/timer/libdrivers__timer.a(nrf_rtc_timer.c.obj)
 .text.sys_clock_driver_init
                0x0000000000002a00       0x94 zephyr/drivers/timer/libdrivers__timer.a(nrf_rtc_timer.c.obj)
 .text.process_channel
                0x0000000000002a94       0x74 zephyr/drivers/timer/libdrivers__timer.a(nrf_rtc_timer.c.obj)
 .text.rtc_nrf_isr
                0x0000000000002b08       0x44 zephyr/drivers/timer/libdrivers__timer.a(nrf_rtc_timer.c.obj)
                0x0000000000002b08                rtc_nrf_isr
 .text.sys_clock_set_timeout
                0x0000000000002b4c       0x64 zephyr/drivers/timer/libdrivers__timer.a(nrf_rtc_timer.c.obj)
                0x0000000000002b4c                sys_clock_set_timeout
 .text.sys_clock_elapsed
                0x0000000000002bb0       0x14 zephyr/drivers/timer/libdrivers__timer.a(nrf_rtc_timer.c.obj)
                0x0000000000002bb0                sys_clock_elapsed
 .text.nrf_pin_configure
                0x0000000000002bc4       0x44 zephyr/drivers/pinctrl/libdrivers__pinctrl.a(pinctrl_nrf.c.obj)
 .text.pinctrl_configure_pins
                0x0000000000002c08      0x3d0 zephyr/drivers/pinctrl/libdrivers__pinctrl.a(pinctrl_nrf.c.obj)
                0x0000000000002c08                pinctrl_configure_pins
 .text.nvmc_wait
                0x0000000000002fd8       0x10 modules/hal_nordic/nrfx/libmodules__hal_nordic__nrfx.a(system_nrf52840.c.obj)
                0x0000000000002fd8                nvmc_wait
 .text.nvmc_config
                0x0000000000002fe8       0x14 modules/hal_nordic/nrfx/libmodules__hal_nordic__nrfx.a(system_nrf52840.c.obj)
                0x0000000000002fe8                nvmc_config
 .text.SystemCoreClockUpdate
                0x0000000000002ffc       0x10 modules/hal_nordic/nrfx/libmodules__hal_nordic__nrfx.a(system_nrf52840.c.obj)
                0x0000000000002ffc                SystemCoreClockUpdate
 .text.SystemInit
                0x000000000000300c      0x1ac modules/hal_nordic/nrfx/libmodules__hal_nordic__nrfx.a(system_nrf52840.c.obj)
                0x000000000000300c                SystemInit
 .text.nrfx_flag32_alloc
                0x00000000000031b8       0x50 modules/hal_nordic/nrfx/libmodules__hal_nordic__nrfx.a(nrfx_flag32_allocator.c.obj)
                0x00000000000031b8                nrfx_flag32_alloc
 .text.nrfx_flag32_free
                0x0000000000003208       0x44 modules/hal_nordic/nrfx/libmodules__hal_nordic__nrfx.a(nrfx_flag32_allocator.c.obj)
                0x0000000000003208                nrfx_flag32_free
 .text.clock_stop
                0x000000000000324c       0xd4 modules/hal_nordic/nrfx/libmodules__hal_nordic__nrfx.a(nrfx_clock.c.obj)
 .text.nrfx_clock_init
                0x0000000000003320       0x28 modules/hal_nordic/nrfx/libmodules__hal_nordic__nrfx.a(nrfx_clock.c.obj)
                0x0000000000003320                nrfx_clock_init
 .text.nrfx_power_clock_irq_handler
                0x0000000000003348       0x7c modules/hal_nordic/nrfx/libmodules__hal_nordic__nrfx.a(nrfx_clock.c.obj)
                0x0000000000003348                nrfx_power_clock_irq_handler
 .text.pin_in_use
                0x00000000000033c4       0x14 modules/hal_nordic/nrfx/libmodules__hal_nordic__nrfx.a(nrfx_gpiote.c.obj)
 .text.pin_in_use_by_te
                0x00000000000033d8       0x14 modules/hal_nordic/nrfx/libmodules__hal_nordic__nrfx.a(nrfx_gpiote.c.obj)
 .text.pin_has_trigger
                0x00000000000033ec       0x18 modules/hal_nordic/nrfx/libmodules__hal_nordic__nrfx.a(nrfx_gpiote.c.obj)
 .text.pin_is_output
                0x0000000000003404       0x14 modules/hal_nordic/nrfx/libmodules__hal_nordic__nrfx.a(nrfx_gpiote.c.obj)
 .text.pin_te_get
                0x0000000000003418       0x10 modules/hal_nordic/nrfx/libmodules__hal_nordic__nrfx.a(nrfx_gpiote.c.obj)
 .text.handler_in_use
                0x0000000000003428       0x34 modules/hal_nordic/nrfx/libmodules__hal_nordic__nrfx.a(nrfx_gpiote.c.obj)
 .text.find_handler
                0x000000000000345c       0x2c modules/hal_nordic/nrfx/libmodules__hal_nordic__nrfx.a(nrfx_gpiote.c.obj)
 .text.channel_handler_get
                0x0000000000003488       0x20 modules/hal_nordic/nrfx/libmodules__hal_nordic__nrfx.a(nrfx_gpiote.c.obj)
 .text.call_handler
                0x00000000000034a8       0x2c modules/hal_nordic/nrfx/libmodules__hal_nordic__nrfx.a(nrfx_gpiote.c.obj)
 .text.release_handler
                0x00000000000034d4       0x44 modules/hal_nordic/nrfx/libmodules__hal_nordic__nrfx.a(nrfx_gpiote.c.obj)
 .text.pin_handler_trigger_uninit
                0x0000000000003518       0x38 modules/hal_nordic/nrfx/libmodules__hal_nordic__nrfx.a(nrfx_gpiote.c.obj)
 .text.pin_handler_set
                0x0000000000003550       0x6c modules/hal_nordic/nrfx/libmodules__hal_nordic__nrfx.a(nrfx_gpiote.c.obj)
 .text.gpiote_evt_handle
                0x00000000000035bc       0x44 modules/hal_nordic/nrfx/libmodules__hal_nordic__nrfx.a(nrfx_gpiote.c.obj)
 .text.latch_pending_read_and_check
                0x0000000000003600       0x50 modules/hal_nordic/nrfx/libmodules__hal_nordic__nrfx.a(nrfx_gpiote.c.obj)
 .text.next_sense_cond_call_handler
                0x0000000000003650       0xdc modules/hal_nordic/nrfx/libmodules__hal_nordic__nrfx.a(nrfx_gpiote.c.obj)
 .text.port_event_handle
                0x000000000000372c       0xd4 modules/hal_nordic/nrfx/libmodules__hal_nordic__nrfx.a(nrfx_gpiote.c.obj)
 .text.nrfx_gpiote_input_configure
                0x0000000000003800      0x170 modules/hal_nordic/nrfx/libmodules__hal_nordic__nrfx.a(nrfx_gpiote.c.obj)
                0x0000000000003800                nrfx_gpiote_input_configure
 .text.nrfx_gpiote_output_configure
                0x0000000000003970      0x188 modules/hal_nordic/nrfx/libmodules__hal_nordic__nrfx.a(nrfx_gpiote.c.obj)
                0x0000000000003970                nrfx_gpiote_output_configure
 .text.nrfx_gpiote_global_callback_set
                0x0000000000003af8        0xc modules/hal_nordic/nrfx/libmodules__hal_nordic__nrfx.a(nrfx_gpiote.c.obj)
                0x0000000000003af8                nrfx_gpiote_global_callback_set
 .text.nrfx_gpiote_channel_get
                0x0000000000003b04       0x30 modules/hal_nordic/nrfx/libmodules__hal_nordic__nrfx.a(nrfx_gpiote.c.obj)
                0x0000000000003b04                nrfx_gpiote_channel_get
 .text.nrfx_gpiote_init
                0x0000000000003b34       0x54 modules/hal_nordic/nrfx/libmodules__hal_nordic__nrfx.a(nrfx_gpiote.c.obj)
                0x0000000000003b34                nrfx_gpiote_init
 .text.nrfx_gpiote_is_init
                0x0000000000003b88       0x14 modules/hal_nordic/nrfx/libmodules__hal_nordic__nrfx.a(nrfx_gpiote.c.obj)
                0x0000000000003b88                nrfx_gpiote_is_init
 .text.nrfx_gpiote_channel_free
                0x0000000000003b9c       0x10 modules/hal_nordic/nrfx/libmodules__hal_nordic__nrfx.a(nrfx_gpiote.c.obj)
                0x0000000000003b9c                nrfx_gpiote_channel_free
 .text.nrfx_gpiote_channel_alloc
                0x0000000000003bac       0x10 modules/hal_nordic/nrfx/libmodules__hal_nordic__nrfx.a(nrfx_gpiote.c.obj)
                0x0000000000003bac                nrfx_gpiote_channel_alloc
 .text.nrfx_gpiote_trigger_enable
                0x0000000000003bbc       0xc8 modules/hal_nordic/nrfx/libmodules__hal_nordic__nrfx.a(nrfx_gpiote.c.obj)
                0x0000000000003bbc                nrfx_gpiote_trigger_enable
 .text.nrfx_gpiote_trigger_disable
                0x0000000000003c84       0x60 modules/hal_nordic/nrfx/libmodules__hal_nordic__nrfx.a(nrfx_gpiote.c.obj)
                0x0000000000003c84                nrfx_gpiote_trigger_disable
 .text.nrfx_gpiote_pin_uninit
                0x0000000000003ce4       0x48 modules/hal_nordic/nrfx/libmodules__hal_nordic__nrfx.a(nrfx_gpiote.c.obj)
                0x0000000000003ce4                nrfx_gpiote_pin_uninit
 .text.nrfx_gpiote_irq_handler
                0x0000000000003d2c       0x60 modules/hal_nordic/nrfx/libmodules__hal_nordic__nrfx.a(nrfx_gpiote.c.obj)
                0x0000000000003d2c                nrfx_gpiote_irq_handler
 .text.nrfx_ppi_channel_alloc
                0x0000000000003d8c       0x10 modules/hal_nordic/nrfx/libmodules__hal_nordic__nrfx.a(nrfx_ppi.c.obj)
                0x0000000000003d8c                nrfx_ppi_channel_alloc
 .text._DoInit  0x0000000000003d9c       0x6c modules/segger/libmodules__segger.a(SEGGER_RTT.c.obj)
 .text.z_device_state_init
                0x0000000000003e08       0x18 zephyr/kernel/libkernel.a(device.c.obj)
                0x0000000000003e08                z_device_state_init
 .text.z_sys_init_run_level
                0x0000000000003e20       0x50 zephyr/kernel/libkernel.a(device.c.obj)
                0x0000000000003e20                z_sys_init_run_level
 .text.init_idle_thread
                0x0000000000003e70       0x60 zephyr/kernel/libkernel.a(init.c.obj)
 .text.bg_thread_main
                0x0000000000003ed0       0x34 zephyr/kernel/libkernel.a(init.c.obj)
 .text.switch_to_main_thread
                0x0000000000003f04       0x14 zephyr/kernel/libkernel.a(init.c.obj)
 .text.z_bss_zero
                0x0000000000003f18       0x18 zephyr/kernel/libkernel.a(init.c.obj)
                0x0000000000003f18                z_bss_zero
 .text.z_init_cpu
                0x0000000000003f30       0x44 zephyr/kernel/libkernel.a(init.c.obj)
                0x0000000000003f30                z_init_cpu
 .text.prepare_multithreading
                0x0000000000003f74       0x60 zephyr/kernel/libkernel.a(init.c.obj)
 .text.z_cstart
                0x0000000000003fd4       0x88 zephyr/kernel/libkernel.a(init.c.obj)
                0x0000000000003fd4                z_cstart
 .text.init_mem_slab_module
                0x000000000000405c       0x24 zephyr/kernel/libkernel.a(mem_slab.c.obj)
 .text.k_mem_slab_alloc
                0x0000000000004080       0x68 zephyr/kernel/libkernel.a(mem_slab.c.obj)
                0x0000000000004080                k_mem_slab_alloc
 .text.z_thread_monitor_exit
                0x00000000000040e8       0x40 zephyr/kernel/libkernel.a(thread.c.obj)
                0x00000000000040e8                z_thread_monitor_exit
 .text.schedule_new_thread
                0x0000000000004128       0x1c zephyr/kernel/libkernel.a(thread.c.obj)
 .text.z_setup_new_thread
                0x0000000000004144       0xc8 zephyr/kernel/libkernel.a(thread.c.obj)
                0x0000000000004144                z_setup_new_thread
 .text.z_init_static_threads
                0x000000000000420c       0x94 zephyr/kernel/libkernel.a(thread.c.obj)
                0x000000000000420c                z_init_static_threads
 .text.idle     0x00000000000042a0       0x3c zephyr/kernel/libkernel.a(idle.c.obj)
                0x00000000000042a0                idle
 .text.z_impl_k_mutex_lock
                0x00000000000042dc      0x114 zephyr/kernel/libkernel.a(mutex.c.obj)
                0x00000000000042dc                z_impl_k_mutex_lock
 .text.z_impl_k_mutex_unlock
                0x00000000000043f0       0x88 zephyr/kernel/libkernel.a(mutex.c.obj)
                0x00000000000043f0                z_impl_k_mutex_unlock
 .text.z_impl_k_sem_give
                0x0000000000004478       0x48 zephyr/kernel/libkernel.a(sem.c.obj)
                0x0000000000004478                z_impl_k_sem_give
 .text.z_impl_k_sem_take
                0x00000000000044c0       0x50 zephyr/kernel/libkernel.a(sem.c.obj)
                0x00000000000044c0                z_impl_k_sem_take
 .text.add_thread_timeout
                0x0000000000004510       0x20 zephyr/kernel/libkernel.a(sched.c.obj)
 .text.z_reset_time_slice
                0x0000000000004530       0x28 zephyr/kernel/libkernel.a(sched.c.obj)
                0x0000000000004530                z_reset_time_slice
 .text.k_sched_time_slice_set
                0x0000000000004558       0x74 zephyr/kernel/libkernel.a(sched.c.obj)
                0x0000000000004558                k_sched_time_slice_set
 .text.z_reschedule
                0x00000000000045cc       0x38 zephyr/kernel/libkernel.a(sched.c.obj)
                0x00000000000045cc                z_reschedule
 .text.k_sched_lock
                0x0000000000004604       0x34 zephyr/kernel/libkernel.a(sched.c.obj)
                0x0000000000004604                k_sched_lock
 .text.update_cache
                0x0000000000004638       0x50 zephyr/kernel/libkernel.a(sched.c.obj)
 .text.move_thread_to_end_of_prio_q
                0x0000000000004688       0x88 zephyr/kernel/libkernel.a(sched.c.obj)
 .text.slice_expired_locked
                0x0000000000004710       0x28 zephyr/kernel/libkernel.a(sched.c.obj)
 .text.z_time_slice
                0x0000000000004738       0xb0 zephyr/kernel/libkernel.a(sched.c.obj)
                0x0000000000004738                z_time_slice
 .text.ready_thread
                0x00000000000047e8       0x80 zephyr/kernel/libkernel.a(sched.c.obj)
 .text.z_sched_start
                0x0000000000004868       0x3c zephyr/kernel/libkernel.a(sched.c.obj)
                0x0000000000004868                z_sched_start
 .text.unready_thread
                0x00000000000048a4       0x38 zephyr/kernel/libkernel.a(sched.c.obj)
 .text.z_pend_curr
                0x00000000000048dc       0x28 zephyr/kernel/libkernel.a(sched.c.obj)
                0x00000000000048dc                z_pend_curr
 .text.z_set_prio
                0x0000000000004904       0xc0 zephyr/kernel/libkernel.a(sched.c.obj)
                0x0000000000004904                z_set_prio
 .text.z_impl_k_thread_suspend
                0x00000000000049c4       0x84 zephyr/kernel/libkernel.a(sched.c.obj)
                0x00000000000049c4                z_impl_k_thread_suspend
 .text.k_sched_unlock
                0x0000000000004a48       0x50 zephyr/kernel/libkernel.a(sched.c.obj)
                0x0000000000004a48                k_sched_unlock
 .text.end_thread
                0x0000000000004a98       0x9c zephyr/kernel/libkernel.a(sched.c.obj)
 .text.z_sched_init
                0x0000000000004b34       0x18 zephyr/kernel/libkernel.a(sched.c.obj)
                0x0000000000004b34                z_sched_init
 .text.z_impl_k_yield
                0x0000000000004b4c       0x88 zephyr/kernel/libkernel.a(sched.c.obj)
                0x0000000000004b4c                z_impl_k_yield
 .text.z_tick_sleep
                0x0000000000004bd4       0x98 zephyr/kernel/libkernel.a(sched.c.obj)
 .text.z_impl_k_sleep
                0x0000000000004c6c       0x58 zephyr/kernel/libkernel.a(sched.c.obj)
                0x0000000000004c6c                z_impl_k_sleep
 .text.z_impl_z_current_get
                0x0000000000004cc4        0xc zephyr/kernel/libkernel.a(sched.c.obj)
                0x0000000000004cc4                z_impl_z_current_get
 .text.z_thread_abort
                0x0000000000004cd0       0x50 zephyr/kernel/libkernel.a(sched.c.obj)
                0x0000000000004cd0                z_thread_abort
 .text.z_data_copy
                0x0000000000004d20       0x34 zephyr/kernel/libkernel.a(xip.c.obj)
                0x0000000000004d20                z_data_copy
 .text.first    0x0000000000004d54       0x14 zephyr/kernel/libkernel.a(timeout.c.obj)
 .text.next     0x0000000000004d68       0x18 zephyr/kernel/libkernel.a(timeout.c.obj)
 .text.elapsed  0x0000000000004d80       0x18 zephyr/kernel/libkernel.a(timeout.c.obj)
 .text.next_timeout
                0x0000000000004d98       0x4c zephyr/kernel/libkernel.a(timeout.c.obj)
 .text.z_add_timeout
                0x0000000000004de4      0x118 zephyr/kernel/libkernel.a(timeout.c.obj)
                0x0000000000004de4                z_add_timeout
 .text.sys_clock_announce
                0x0000000000004efc       0xc4 zephyr/kernel/libkernel.a(timeout.c.obj)
                0x0000000000004efc                sys_clock_announce
 .text.sys_clock_tick_get
                0x0000000000004fc0       0x40 zephyr/kernel/libkernel.a(timeout.c.obj)
                0x0000000000004fc0                sys_clock_tick_get
 .text.z_timer_expiration_handler
                0x0000000000005000       0x98 zephyr/kernel/libkernel.a(timer.c.obj)
                0x0000000000005000                z_timer_expiration_handler
 .text.z_impl_k_timer_start
                0x0000000000005098       0xac zephyr/kernel/libkernel.a(timer.c.obj)
                0x0000000000005098                z_impl_k_timer_start
 .text.boot_banner
                0x0000000000005144       0x1c zephyr/kernel/libkernel.a(banner.c.obj)
                0x0000000000005144                boot_banner
 .text.nrf_cc3xx_platform_init_no_rng
                0x0000000000005160       0x38 C:/ncs/v2.0.0/nrfxlib/crypto/nrf_cc310_platform/lib/cortex-m4/soft-float/no-interrupts/libnrf_cc310_platform_0.9.14.a(nrf_cc3xx_platform.c.obj)
                0x0000000000005160                nrf_cc3xx_platform_init_no_rng
 .text.nrf_cc3xx_platform_abort
                0x0000000000005198       0x24 C:/ncs/v2.0.0/nrfxlib/crypto/nrf_cc310_platform/lib/cortex-m4/soft-float/no-interrupts/libnrf_cc310_platform_0.9.14.a(nrf_cc3xx_platform_abort.c.obj)
 .text.CC_PalAbort
                0x00000000000051bc       0x34 C:/ncs/v2.0.0/nrfxlib/crypto/nrf_cc310_platform/lib/cortex-m4/soft-float/no-interrupts/libnrf_cc310_platform_0.9.14.a(nrf_cc3xx_platform_abort.c.obj)
                0x00000000000051bc                CC_PalAbort
 .text.nrf_cc3xx_platform_set_abort
                0x00000000000051f0       0x10 C:/ncs/v2.0.0/nrfxlib/crypto/nrf_cc310_platform/lib/cortex-m4/soft-float/no-interrupts/libnrf_cc310_platform_0.9.14.a(nrf_cc3xx_platform_abort.c.obj)
                0x00000000000051f0                nrf_cc3xx_platform_set_abort
 .text.mutex_free
                0x0000000000005200       0x28 C:/ncs/v2.0.0/nrfxlib/crypto/nrf_cc310_platform/lib/cortex-m4/soft-float/no-interrupts/libnrf_cc310_platform_0.9.14.a(nrf_cc3xx_platform_mutex.c.obj)
 .text.mutex_lock
                0x0000000000005228       0x40 C:/ncs/v2.0.0/nrfxlib/crypto/nrf_cc310_platform/lib/cortex-m4/soft-float/no-interrupts/libnrf_cc310_platform_0.9.14.a(nrf_cc3xx_platform_mutex.c.obj)
 .text.mutex_unlock
                0x0000000000005268       0x2c C:/ncs/v2.0.0/nrfxlib/crypto/nrf_cc310_platform/lib/cortex-m4/soft-float/no-interrupts/libnrf_cc310_platform_0.9.14.a(nrf_cc3xx_platform_mutex.c.obj)
 .text.mutex_init
                0x0000000000005294       0x1c C:/ncs/v2.0.0/nrfxlib/crypto/nrf_cc310_platform/lib/cortex-m4/soft-float/no-interrupts/libnrf_cc310_platform_0.9.14.a(nrf_cc3xx_platform_mutex.c.obj)
 .text.nrf_cc3xx_platform_set_mutexes
                0x00000000000052b0       0x60 C:/ncs/v2.0.0/nrfxlib/crypto/nrf_cc310_platform/lib/cortex-m4/soft-float/no-interrupts/libnrf_cc310_platform_0.9.14.a(nrf_cc3xx_platform_mutex.c.obj)
                0x00000000000052b0                nrf_cc3xx_platform_set_mutexes
 .text.CC_LibInitNoRng
                0x0000000000005310       0x64 C:/ncs/v2.0.0/nrfxlib/crypto/nrf_cc310_platform/lib/cortex-m4/soft-float/no-interrupts/libnrf_cc310_platform_0.9.14.a(cc_lib.c.obj)
                0x0000000000005310                CC_LibInitNoRng
 .text.CC_HalInit
                0x0000000000005374        0x4 C:/ncs/v2.0.0/nrfxlib/crypto/nrf_cc310_platform/lib/cortex-m4/soft-float/no-interrupts/libnrf_cc310_platform_0.9.14.a(cc_hal.c.obj)
                0x0000000000005374                CC_HalInit
 .text.CC_HalTerminate
                0x0000000000005378        0x4 C:/ncs/v2.0.0/nrfxlib/crypto/nrf_cc310_platform/lib/cortex-m4/soft-float/no-interrupts/libnrf_cc310_platform_0.9.14.a(cc_hal.c.obj)
                0x0000000000005378                CC_HalTerminate
 .text.CC_HalMaskInterrupt
                0x000000000000537c        0xc C:/ncs/v2.0.0/nrfxlib/crypto/nrf_cc310_platform/lib/cortex-m4/soft-float/no-interrupts/libnrf_cc310_platform_0.9.14.a(cc_hal.c.obj)
                0x000000000000537c                CC_HalMaskInterrupt
 .text.CC_PalInit
                0x0000000000005388       0x5c C:/ncs/v2.0.0/nrfxlib/crypto/nrf_cc310_platform/lib/cortex-m4/soft-float/no-interrupts/libnrf_cc310_platform_0.9.14.a(cc_pal.c.obj)
                0x0000000000005388                CC_PalInit
 .text.CC_PalTerminate
                0x00000000000053e4       0x34 C:/ncs/v2.0.0/nrfxlib/crypto/nrf_cc310_platform/lib/cortex-m4/soft-float/no-interrupts/libnrf_cc310_platform_0.9.14.a(cc_pal.c.obj)
                0x00000000000053e4                CC_PalTerminate
 .text.CC_PalDmaInit
                0x0000000000005418        0x4 C:/ncs/v2.0.0/nrfxlib/crypto/nrf_cc310_platform/lib/cortex-m4/soft-float/no-interrupts/libnrf_cc310_platform_0.9.14.a(cc_pal_dma.c.obj)
                0x0000000000005418                CC_PalDmaInit
 .text.CC_PalDmaTerminate
                0x000000000000541c        0x4 C:/ncs/v2.0.0/nrfxlib/crypto/nrf_cc310_platform/lib/cortex-m4/soft-float/no-interrupts/libnrf_cc310_platform_0.9.14.a(cc_pal_dma.c.obj)
                0x000000000000541c                CC_PalDmaTerminate
 .text.CC_PalMutexCreate
                0x0000000000005420       0x14 C:/ncs/v2.0.0/nrfxlib/crypto/nrf_cc310_platform/lib/cortex-m4/soft-float/no-interrupts/libnrf_cc310_platform_0.9.14.a(cc_pal_mutex.c.obj)
                0x0000000000005420                CC_PalMutexCreate
 .text.CC_PalMutexDestroy
                0x0000000000005434       0x14 C:/ncs/v2.0.0/nrfxlib/crypto/nrf_cc310_platform/lib/cortex-m4/soft-float/no-interrupts/libnrf_cc310_platform_0.9.14.a(cc_pal_mutex.c.obj)
                0x0000000000005434                CC_PalMutexDestroy
 .text.CC_PalPowerSaveModeInit
                0x0000000000005448       0x3c C:/ncs/v2.0.0/nrfxlib/crypto/nrf_cc310_platform/lib/cortex-m4/soft-float/no-interrupts/libnrf_cc310_platform_0.9.14.a(cc_pal_pm.c.obj)
                0x0000000000005448                CC_PalPowerSaveModeInit
 .text.CC_PalPowerSaveModeSelect
                0x0000000000005484       0x88 C:/ncs/v2.0.0/nrfxlib/crypto/nrf_cc310_platform/lib/cortex-m4/soft-float/no-interrupts/libnrf_cc310_platform_0.9.14.a(cc_pal_pm.c.obj)
                0x0000000000005484                CC_PalPowerSaveModeSelect
 .text.gpio_pin_configure_dt
                0x000000000000550c       0x58 app/libapp.a(main.c.obj)
 .text.sys_notify_validate
                0x0000000000005564       0x2e zephyr/libzephyr.a(notify.c.obj)
                0x0000000000005564                sys_notify_validate
 .text.sys_notify_finalize
                0x0000000000005592       0x1a zephyr/libzephyr.a(notify.c.obj)
                0x0000000000005592                sys_notify_finalize
 .text.arch_printk_char_out
                0x00000000000055ac        0x4 zephyr/libzephyr.a(printk.c.obj)
                0x00000000000055ac                arch_printk_char_out
 .text.printk   0x00000000000055b0       0x1c zephyr/libzephyr.a(printk.c.obj)
                0x00000000000055b0                printk
 .text.set_state
                0x00000000000055cc       0x10 zephyr/libzephyr.a(onoff.c.obj)
 .text.notify_monitors
                0x00000000000055dc       0x3e zephyr/libzephyr.a(onoff.c.obj)
 .text.process_recheck
                0x000000000000561a       0x32 zephyr/libzephyr.a(onoff.c.obj)
 .text.process_complete
                0x000000000000564c       0x9c zephyr/libzephyr.a(onoff.c.obj)
 .text.validate_args
                0x00000000000056e8       0x2c zephyr/libzephyr.a(onoff.c.obj)
 .text.notify_one
                0x0000000000005714       0x26 zephyr/libzephyr.a(onoff.c.obj)
 .text.notify_all
                0x000000000000573a       0x2e zephyr/libzephyr.a(onoff.c.obj)
 .text.transition_complete
                0x0000000000005768       0x1c zephyr/libzephyr.a(onoff.c.obj)
 .text.onoff_manager_init
                0x0000000000005784       0x3a zephyr/libzephyr.a(onoff.c.obj)
                0x0000000000005784                onoff_manager_init
 .text.onoff_request
                0x00000000000057be       0xb8 zephyr/libzephyr.a(onoff.c.obj)
                0x00000000000057be                onoff_request
 .text.z_thread_entry
                0x0000000000005876       0x14 zephyr/libzephyr.a(thread_entry.c.obj)
                0x0000000000005876                z_thread_entry
 .text.extract_decimal
                0x000000000000588a       0x24 zephyr/libzephyr.a(cbprintf_complete.c.obj)
 .text.encode_uint
                0x00000000000058ae       0xd4 zephyr/libzephyr.a(cbprintf_complete.c.obj)
 .text.outs     0x0000000000005982       0x34 zephyr/libzephyr.a(cbprintf_complete.c.obj)
 .text._ConfigAbsSyms
                0x00000000000059b6        0x2 zephyr/libzephyr.a(configs.c.obj)
                0x00000000000059b6                _ConfigAbsSyms
 .text.abort_function
                0x00000000000059b8        0x8 zephyr/libzephyr.a(nrf_cc3xx_platform_abort_zephyr.c.obj)
 .text.z_arm_fatal_error
                0x00000000000059c0        0x8 zephyr/arch/arch/arm/core/aarch32/libarch__arm__core__aarch32.a(fatal.c.obj)
                0x00000000000059c0                z_arm_fatal_error
 .text.z_do_kernel_oops
                0x00000000000059c8        0xc zephyr/arch/arch/arm/core/aarch32/libarch__arm__core__aarch32.a(fatal.c.obj)
                0x00000000000059c8                z_do_kernel_oops
 .text.z_irq_spurious
                0x00000000000059d4        0xc zephyr/arch/arch/arm/core/aarch32/libarch__arm__core__aarch32.a(irq_manage.c.obj)
                0x00000000000059d4                z_irq_spurious
 .text.z_arm_nmi
                0x00000000000059e0        0xc zephyr/arch/arch/arm/core/aarch32/libarch__arm__core__aarch32.a(nmi.c.obj)
                0x00000000000059e0                z_arm_nmi
 .text.memory_fault_recoverable
                0x00000000000059ec        0x4 zephyr/arch/arch/arm/core/aarch32/cortex_m/libarch__arm__core__aarch32__cortex_m.a(fault.c.obj)
 .text.debug_monitor
                0x00000000000059f0        0x6 zephyr/arch/arch/arm/core/aarch32/cortex_m/libarch__arm__core__aarch32__cortex_m.a(fault.c.obj)
 .text.fault_handle
                0x00000000000059f6       0x46 zephyr/arch/arch/arm/core/aarch32/cortex_m/libarch__arm__core__aarch32__cortex_m.a(fault.c.obj)
 .text.mpu_partition_is_valid
                0x0000000000005a3c       0x22 zephyr/arch/arch/arm/core/aarch32/mpu/libarch__arm__core__aarch32__mpu.a(arm_mpu.c.obj)
 .text.region_allocate_and_init
                0x0000000000005a5e       0x16 zephyr/arch/arch/arm/core/aarch32/mpu/libarch__arm__core__aarch32__mpu.a(arm_mpu.c.obj)
 .text.mpu_configure_region
                0x0000000000005a74       0x3e zephyr/arch/arch/arm/core/aarch32/mpu/libarch__arm__core__aarch32__mpu.a(arm_mpu.c.obj)
 .text.mpu_configure_regions
                0x0000000000005ab2       0x50 zephyr/arch/arch/arm/core/aarch32/mpu/libarch__arm__core__aarch32__mpu.a(arm_mpu.c.obj)
 .text.arm_core_mpu_configure_static_mpu_regions
                0x0000000000005b02        0x8 zephyr/arch/arch/arm/core/aarch32/mpu/libarch__arm__core__aarch32__mpu.a(arm_mpu.c.obj)
                0x0000000000005b02                arm_core_mpu_configure_static_mpu_regions
 .text.arm_core_mpu_configure_dynamic_mpu_regions
                0x0000000000005b0a        0x8 zephyr/arch/arch/arm/core/aarch32/mpu/libarch__arm__core__aarch32__mpu.a(arm_mpu.c.obj)
                0x0000000000005b0a                arm_core_mpu_configure_dynamic_mpu_regions
 .text.strcpy   0x0000000000005b12       0x14 zephyr/lib/libc/minimal/liblib__libc__minimal.a(string.c.obj)
                0x0000000000005b12                strcpy
 .text.strncpy  0x0000000000005b26       0x34 zephyr/lib/libc/minimal/liblib__libc__minimal.a(string.c.obj)
                0x0000000000005b26                strncpy
 .text.strlen   0x0000000000005b5a       0x12 zephyr/lib/libc/minimal/liblib__libc__minimal.a(string.c.obj)
                0x0000000000005b5a                strlen
 .text.strnlen  0x0000000000005b6c       0x14 zephyr/lib/libc/minimal/liblib__libc__minimal.a(string.c.obj)
                0x0000000000005b6c                strnlen
 .text.memcpy   0x0000000000005b80       0x5e zephyr/lib/libc/minimal/liblib__libc__minimal.a(string.c.obj)
                0x0000000000005b80                memcpy
 .text.memset   0x0000000000005bde       0x3c zephyr/lib/libc/minimal/liblib__libc__minimal.a(string.c.obj)
                0x0000000000005bde                memset
 .text._stdout_hook_default
                0x0000000000005c1a        0x6 zephyr/lib/libc/minimal/liblib__libc__minimal.a(stdout_console.c.obj)
 .text.nrf52_errata_197
                0x0000000000005c20       0x20 zephyr/soc/arm/nordic_nrf/nrf52/libsoc__arm__nordic_nrf__nrf52.a(soc.c.obj)
 .text.pm_state_set
                0x0000000000005c40       0x18 zephyr/soc/arm/nordic_nrf/nrf52/libsoc__arm__nordic_nrf__nrf52.a(power.c.obj)
                0x0000000000005c40                pm_state_set
 .text.pm_state_exit_post_ops
                0x0000000000005c58        0xc zephyr/soc/arm/nordic_nrf/nrf52/libsoc__arm__nordic_nrf__nrf52.a(power.c.obj)
                0x0000000000005c58                pm_state_exit_post_ops
 .text.get_sub_data
                0x0000000000005c64        0xe zephyr/drivers/clock_control/libdrivers__clock_control.a(clock_control_nrf.c.obj)
 .text.get_sub_config
                0x0000000000005c72        0x8 zephyr/drivers/clock_control/libdrivers__clock_control.a(clock_control_nrf.c.obj)
 .text.get_onoff_manager
                0x0000000000005c7a        0xc zephyr/drivers/clock_control/libdrivers__clock_control.a(clock_control_nrf.c.obj)
 .text.get_status
                0x0000000000005c86       0x10 zephyr/drivers/clock_control/libdrivers__clock_control.a(clock_control_nrf.c.obj)
 .text.set_off_state
                0x0000000000005c96       0x32 zephyr/drivers/clock_control/libdrivers__clock_control.a(clock_control_nrf.c.obj)
 .text.set_starting_state
                0x0000000000005cc8       0x3c zephyr/drivers/clock_control/libdrivers__clock_control.a(clock_control_nrf.c.obj)
 .text.set_on_state
                0x0000000000005d04       0x26 zephyr/drivers/clock_control/libdrivers__clock_control.a(clock_control_nrf.c.obj)
 .text.clkstarted_handle
                0x0000000000005d2a       0x24 zephyr/drivers/clock_control/libdrivers__clock_control.a(clock_control_nrf.c.obj)
 .text.stop     0x0000000000005d4e       0x2a zephyr/drivers/clock_control/libdrivers__clock_control.a(clock_control_nrf.c.obj)
 .text.api_stop
                0x0000000000005d78        0xa zephyr/drivers/clock_control/libdrivers__clock_control.a(clock_control_nrf.c.obj)
 .text.async_start
                0x0000000000005d82       0x38 zephyr/drivers/clock_control/libdrivers__clock_control.a(clock_control_nrf.c.obj)
 .text.api_start
                0x0000000000005dba       0x10 zephyr/drivers/clock_control/libdrivers__clock_control.a(clock_control_nrf.c.obj)
 .text.onoff_started_callback
                0x0000000000005dca       0x10 zephyr/drivers/clock_control/libdrivers__clock_control.a(clock_control_nrf.c.obj)
 .text.hfclk_start
                0x0000000000005dda        0xa zephyr/drivers/clock_control/libdrivers__clock_control.a(clock_control_nrf.c.obj)
 .text.lfclk_start
                0x0000000000005de4        0xa zephyr/drivers/clock_control/libdrivers__clock_control.a(clock_control_nrf.c.obj)
 .text.hfclk_stop
                0x0000000000005dee        0xa zephyr/drivers/clock_control/libdrivers__clock_control.a(clock_control_nrf.c.obj)
 .text.lfclk_stop
                0x0000000000005df8        0xa zephyr/drivers/clock_control/libdrivers__clock_control.a(clock_control_nrf.c.obj)
 .text.blocking_start_callback
                0x0000000000005e02        0xa zephyr/drivers/clock_control/libdrivers__clock_control.a(clock_control_nrf.c.obj)
 .text.get_drive
                0x0000000000005e0c       0x8c zephyr/drivers/gpio/libdrivers__gpio.a(gpio_nrfx.c.obj)
 .text.get_pull
                0x0000000000005e98       0x18 zephyr/drivers/gpio/libdrivers__gpio.a(gpio_nrfx.c.obj)
 .text.gpio_nrfx_port_get_raw
                0x0000000000005eb0        0xe zephyr/drivers/gpio/libdrivers__gpio.a(gpio_nrfx.c.obj)
 .text.gpio_nrfx_port_set_masked_raw
                0x0000000000005ebe       0x16 zephyr/drivers/gpio/libdrivers__gpio.a(gpio_nrfx.c.obj)
 .text.gpio_nrfx_port_set_bits_raw
                0x0000000000005ed4        0xc zephyr/drivers/gpio/libdrivers__gpio.a(gpio_nrfx.c.obj)
 .text.gpio_nrfx_port_clear_bits_raw
                0x0000000000005ee0        0xc zephyr/drivers/gpio/libdrivers__gpio.a(gpio_nrfx.c.obj)
 .text.gpio_nrfx_port_toggle_bits
                0x0000000000005eec       0x12 zephyr/drivers/gpio/libdrivers__gpio.a(gpio_nrfx.c.obj)
 .text.get_trigger
                0x0000000000005efe       0x2c zephyr/drivers/gpio/libdrivers__gpio.a(gpio_nrfx.c.obj)
 .text.gpio_nrfx_manage_callback
                0x0000000000005f2a       0x72 zephyr/drivers/gpio/libdrivers__gpio.a(gpio_nrfx.c.obj)
 .text.nrfx_gpio_handler
                0x0000000000005f9c       0x48 zephyr/drivers/gpio/libdrivers__gpio.a(gpio_nrfx.c.obj)
 .text.endtx_isr
                0x0000000000005fe4       0x32 zephyr/drivers/serial/libdrivers__serial.a(uart_nrfx_uarte.c.obj)
 .text.uarte_nrfx_configure
                0x0000000000006016       0xa6 zephyr/drivers/serial/libdrivers__serial.a(uart_nrfx_uarte.c.obj)
 .text.uarte_nrfx_config_get
                0x00000000000060bc       0x12 zephyr/drivers/serial/libdrivers__serial.a(uart_nrfx_uarte.c.obj)
 .text.uarte_nrfx_err_check
                0x00000000000060ce        0xe zephyr/drivers/serial/libdrivers__serial.a(uart_nrfx_uarte.c.obj)
 .text.is_tx_ready
                0x00000000000060dc       0x28 zephyr/drivers/serial/libdrivers__serial.a(uart_nrfx_uarte.c.obj)
 .text.uarte_enable
                0x0000000000006104       0x1c zephyr/drivers/serial/libdrivers__serial.a(uart_nrfx_uarte.c.obj)
 .text.tx_start
                0x0000000000006120       0x3e zephyr/drivers/serial/libdrivers__serial.a(uart_nrfx_uarte.c.obj)
 .text.uart_disable
                0x000000000000615e        0xc zephyr/drivers/serial/libdrivers__serial.a(uart_nrfx_uarte.c.obj)
 .text.uarte_nrfx_rx_counting_init
                0x000000000000616a        0xe zephyr/drivers/serial/libdrivers__serial.a(uart_nrfx_uarte.c.obj)
 .text.start_tx_locked
                0x0000000000006178       0x36 zephyr/drivers/serial/libdrivers__serial.a(uart_nrfx_uarte.c.obj)
 .text.user_callback
                0x00000000000061ae       0x10 zephyr/drivers/serial/libdrivers__serial.a(uart_nrfx_uarte.c.obj)
 .text.notify_uart_rx_rdy
                0x00000000000061be       0x30 zephyr/drivers/serial/libdrivers__serial.a(uart_nrfx_uarte.c.obj)
 .text.rx_buf_release
                0x00000000000061ee       0x2e zephyr/drivers/serial/libdrivers__serial.a(uart_nrfx_uarte.c.obj)
 .text.notify_rx_disable
                0x000000000000621c       0x22 zephyr/drivers/serial/libdrivers__serial.a(uart_nrfx_uarte.c.obj)
 .text.uarte_nrfx_rx_buf_rsp
                0x000000000000623e       0x56 zephyr/drivers/serial/libdrivers__serial.a(uart_nrfx_uarte.c.obj)
 .text.uarte_nrfx_callback_set
                0x0000000000006294       0x16 zephyr/drivers/serial/libdrivers__serial.a(uart_nrfx_uarte.c.obj)
 .text.uarte_nrfx_poll_in
                0x00000000000062aa       0x30 zephyr/drivers/serial/libdrivers__serial.a(uart_nrfx_uarte.c.obj)
 .text.wait_tx_ready
                0x00000000000062da       0x4e zephyr/drivers/serial/libdrivers__serial.a(uart_nrfx_uarte.c.obj)
 .text.uarte_nrfx_rx_disable
                0x0000000000006328       0x44 zephyr/drivers/serial/libdrivers__serial.a(uart_nrfx_uarte.c.obj)
 .text.error_isr
                0x000000000000636c       0x5c zephyr/drivers/serial/libdrivers__serial.a(uart_nrfx_uarte.c.obj)
 .text.uarte_nrfx_tx_abort
                0x00000000000063c8       0x2a zephyr/drivers/serial/libdrivers__serial.a(uart_nrfx_uarte.c.obj)
 .text.tx_timeout
                0x00000000000063f2        0xc zephyr/drivers/serial/libdrivers__serial.a(uart_nrfx_uarte.c.obj)
 .text.rx_timeout
                0x00000000000063fe       0xa0 zephyr/drivers/serial/libdrivers__serial.a(uart_nrfx_uarte.c.obj)
 .text.endrx_isr
                0x000000000000649e       0xba zephyr/drivers/serial/libdrivers__serial.a(uart_nrfx_uarte.c.obj)
 .text.setup_tx_cache
                0x0000000000006558       0x32 zephyr/drivers/serial/libdrivers__serial.a(uart_nrfx_uarte.c.obj)
 .text.uarte_instance_init
                0x000000000000658a       0xda zephyr/drivers/serial/libdrivers__serial.a(uart_nrfx_uarte.c.obj)
 .text.uarte_0_init
                0x0000000000006664       0x1e zephyr/drivers/serial/libdrivers__serial.a(uart_nrfx_uarte.c.obj)
 .text.uarte_1_init
                0x0000000000006682       0x1e zephyr/drivers/serial/libdrivers__serial.a(uart_nrfx_uarte.c.obj)
 .text.rx_flush
                0x00000000000066a0       0x7e zephyr/drivers/serial/libdrivers__serial.a(uart_nrfx_uarte.c.obj)
 .text.async_uart_release
                0x000000000000671e       0x52 zephyr/drivers/serial/libdrivers__serial.a(uart_nrfx_uarte.c.obj)
 .text.txstopped_isr
                0x0000000000006770      0x11a zephyr/drivers/serial/libdrivers__serial.a(uart_nrfx_uarte.c.obj)
 .text.rxto_isr
                0x000000000000688a       0x4e zephyr/drivers/serial/libdrivers__serial.a(uart_nrfx_uarte.c.obj)
 .text.uarte_nrfx_isr_async
                0x00000000000068d8       0xc8 zephyr/drivers/serial/libdrivers__serial.a(uart_nrfx_uarte.c.obj)
 .text.sys_clock_idle_exit
                0x00000000000069a0        0x2 zephyr/drivers/timer/libdrivers__timer.a(sys_clock_init.c.obj)
                0x00000000000069a0                sys_clock_idle_exit
 .text.counter_sub
                0x00000000000069a2        0x8 zephyr/drivers/timer/libdrivers__timer.a(nrf_rtc_timer.c.obj)
 .text.event_clear
                0x00000000000069aa       0x18 zephyr/drivers/timer/libdrivers__timer.a(nrf_rtc_timer.c.obj)
 .text.absolute_time_to_cc
                0x00000000000069c2        0x6 zephyr/drivers/timer/libdrivers__timer.a(nrf_rtc_timer.c.obj)
 .text.full_int_lock
                0x00000000000069c8       0x12 zephyr/drivers/timer/libdrivers__timer.a(nrf_rtc_timer.c.obj)
 .text.full_int_unlock
                0x00000000000069da        0xa zephyr/drivers/timer/libdrivers__timer.a(nrf_rtc_timer.c.obj)
 .text.set_absolute_alarm
                0x00000000000069e4       0x76 zephyr/drivers/timer/libdrivers__timer.a(nrf_rtc_timer.c.obj)
 .text.compare_set
                0x0000000000006a5a       0x32 zephyr/drivers/timer/libdrivers__timer.a(nrf_rtc_timer.c.obj)
 .text.pinctrl_lookup_state
                0x0000000000006a8c       0x34 zephyr/drivers/pinctrl/libdrivers__pinctrl.a(common.c.obj)
                0x0000000000006a8c                pinctrl_lookup_state
 .text.k_sys_fatal_error_handler
                0x0000000000006ac0        0x8 modules/nrf/lib/fatal_error/lib..__nrf__lib__fatal_error.a(fatal_error.c.obj)
                0x0000000000006ac0                k_sys_fatal_error_handler
 .text.hw_cc3xx_init_internal
                0x0000000000006ac8        0x8 modules/nrf/drivers/hw_cc310/lib..__nrf__drivers__hw_cc310.a(hw_cc310.c.obj)
 .text.hw_cc3xx_init
                0x0000000000006ad0       0x14 modules/nrf/drivers/hw_cc310/lib..__nrf__drivers__hw_cc310.a(hw_cc310.c.obj)
 .text.nrf52_errata_36
                0x0000000000006ae4       0x14 modules/hal_nordic/nrfx/libmodules__hal_nordic__nrfx.a(system_nrf52840.c.obj)
 .text.nrf52_errata_66
                0x0000000000006af8       0x14 modules/hal_nordic/nrfx/libmodules__hal_nordic__nrfx.a(system_nrf52840.c.obj)
 .text.nrf52_errata_98
                0x0000000000006b0c       0x26 modules/hal_nordic/nrfx/libmodules__hal_nordic__nrfx.a(system_nrf52840.c.obj)
 .text.nrf52_errata_103
                0x0000000000006b32       0x26 modules/hal_nordic/nrfx/libmodules__hal_nordic__nrfx.a(system_nrf52840.c.obj)
 .text.nrf52_errata_115
                0x0000000000006b58       0x26 modules/hal_nordic/nrfx/libmodules__hal_nordic__nrfx.a(system_nrf52840.c.obj)
 .text.nrf52_errata_120
                0x0000000000006b7e       0x26 modules/hal_nordic/nrfx/libmodules__hal_nordic__nrfx.a(system_nrf52840.c.obj)
 .text.nrf52_errata_136
                0x0000000000006ba4       0x14 modules/hal_nordic/nrfx/libmodules__hal_nordic__nrfx.a(system_nrf52840.c.obj)
 .text.nrf52_configuration_249
                0x0000000000006bb8       0x20 modules/hal_nordic/nrfx/libmodules__hal_nordic__nrfx.a(system_nrf52840.c.obj)
 .text.nrfx_isr
                0x0000000000006bd8        0x6 modules/hal_nordic/nrfx/libmodules__hal_nordic__nrfx.a(nrfx_glue.c.obj)
                0x0000000000006bd8                nrfx_isr
 .text.nrfx_busy_wait
                0x0000000000006bde        0x8 modules/hal_nordic/nrfx/libmodules__hal_nordic__nrfx.a(nrfx_glue.c.obj)
                0x0000000000006bde                nrfx_busy_wait
 .text.clock_initial_lfclksrc_get
                0x0000000000006be6        0x4 modules/hal_nordic/nrfx/libmodules__hal_nordic__nrfx.a(nrfx_clock.c.obj)
 .text.clock_lfclksrc_tweak
                0x0000000000006bea       0x2c modules/hal_nordic/nrfx/libmodules__hal_nordic__nrfx.a(nrfx_clock.c.obj)
 .text.nrfx_clock_enable
                0x0000000000006c16       0x1e modules/hal_nordic/nrfx/libmodules__hal_nordic__nrfx.a(nrfx_clock.c.obj)
                0x0000000000006c16                nrfx_clock_enable
 .text.nrfx_clock_start
                0x0000000000006c34       0xa0 modules/hal_nordic/nrfx/libmodules__hal_nordic__nrfx.a(nrfx_clock.c.obj)
                0x0000000000006c34                nrfx_clock_start
 .text.nrfx_clock_stop
                0x0000000000006cd4        0x8 modules/hal_nordic/nrfx/libmodules__hal_nordic__nrfx.a(nrfx_clock.c.obj)
                0x0000000000006cd4                nrfx_clock_stop
 .text.pin_is_task_output
                0x0000000000006cdc       0x1e modules/hal_nordic/nrfx/libmodules__hal_nordic__nrfx.a(nrfx_gpiote.c.obj)
 .text.pin_is_input
                0x0000000000006cfa        0xe modules/hal_nordic/nrfx/libmodules__hal_nordic__nrfx.a(nrfx_gpiote.c.obj)
 .text.gpiote_polarity_to_trigger
                0x0000000000006d08        0x2 modules/hal_nordic/nrfx/libmodules__hal_nordic__nrfx.a(nrfx_gpiote.c.obj)
 .text.gpiote_trigger_to_polarity
                0x0000000000006d0a        0x2 modules/hal_nordic/nrfx/libmodules__hal_nordic__nrfx.a(nrfx_gpiote.c.obj)
 .text.is_level
                0x0000000000006d0c        0xa modules/hal_nordic/nrfx/libmodules__hal_nordic__nrfx.a(nrfx_gpiote.c.obj)
 .text.SEGGER_RTT_Init
                0x0000000000006d16        0x8 modules/segger/libmodules__segger.a(SEGGER_RTT.c.obj)
                0x0000000000006d16                SEGGER_RTT_Init
 .text.rtt_init
                0x0000000000006d1e        0xa modules/segger/libmodules__segger.a(SEGGER_RTT_zephyr.c.obj)
 .text.z_device_is_ready
                0x0000000000006d28       0x1a zephyr/kernel/libkernel.a(device.c.obj)
                0x0000000000006d28                z_device_is_ready
 .text.z_fatal_error
                0x0000000000006d42       0x34 zephyr/kernel/libkernel.a(fatal.c.obj)
                0x0000000000006d42                z_fatal_error
 .text.z_early_memset
                0x0000000000006d76        0x8 zephyr/kernel/libkernel.a(init.c.obj)
                0x0000000000006d76                z_early_memset
 .text.z_early_memcpy
                0x0000000000006d7e        0x8 zephyr/kernel/libkernel.a(init.c.obj)
                0x0000000000006d7e                z_early_memcpy
 .text.create_free_list
                0x0000000000006d86       0x2e zephyr/kernel/libkernel.a(mem_slab.c.obj)
 .text.k_mem_slab_init
                0x0000000000006db4       0x1c zephyr/kernel/libkernel.a(mem_slab.c.obj)
                0x0000000000006db4                k_mem_slab_init
 .text.k_mem_slab_free
                0x0000000000006dd0       0x58 zephyr/kernel/libkernel.a(mem_slab.c.obj)
                0x0000000000006dd0                k_mem_slab_free
 .text.setup_thread_stack
                0x0000000000006e28       0x24 zephyr/kernel/libkernel.a(thread.c.obj)
 .text.k_is_in_isr
                0x0000000000006e4c        0xc zephyr/kernel/libkernel.a(thread.c.obj)
                0x0000000000006e4c                k_is_in_isr
 .text.z_impl_k_thread_start
                0x0000000000006e58        0x8 zephyr/kernel/libkernel.a(thread.c.obj)
                0x0000000000006e58                z_impl_k_thread_start
 .text.z_init_thread_base
                0x0000000000006e60       0x16 zephyr/kernel/libkernel.a(thread.c.obj)
                0x0000000000006e60                z_init_thread_base
 .text.z_pm_save_idle_exit
                0x0000000000006e76        0xc zephyr/kernel/libkernel.a(idle.c.obj)
                0x0000000000006e76                z_pm_save_idle_exit
 .text.new_prio_for_inheritance
                0x0000000000006e82       0x16 zephyr/kernel/libkernel.a(mutex.c.obj)
 .text.adjust_owner_prio
                0x0000000000006e98       0x16 zephyr/kernel/libkernel.a(mutex.c.obj)
 .text.z_impl_k_mutex_init
                0x0000000000006eae        0xe zephyr/kernel/libkernel.a(mutex.c.obj)
                0x0000000000006eae                z_impl_k_mutex_init
 .text.thread_active_elsewhere
                0x0000000000006ebc        0x4 zephyr/kernel/libkernel.a(sched.c.obj)
 .text.pended_on_thread
                0x0000000000006ec0        0x4 zephyr/kernel/libkernel.a(sched.c.obj)
 .text.z_sched_prio_cmp
                0x0000000000006ec4       0x14 zephyr/kernel/libkernel.a(sched.c.obj)
                0x0000000000006ec4                z_sched_prio_cmp
 .text.z_unpend_thread_no_timeout
                0x0000000000006ed8       0x40 zephyr/kernel/libkernel.a(sched.c.obj)
                0x0000000000006ed8                z_unpend_thread_no_timeout
 .text.z_reschedule_irqlock
                0x0000000000006f18       0x2a zephyr/kernel/libkernel.a(sched.c.obj)
                0x0000000000006f18                z_reschedule_irqlock
 .text.z_priq_dumb_remove
                0x0000000000006f42       0x10 zephyr/kernel/libkernel.a(sched.c.obj)
                0x0000000000006f42                z_priq_dumb_remove
 .text.z_priq_dumb_best
                0x0000000000006f52        0xe zephyr/kernel/libkernel.a(sched.c.obj)
                0x0000000000006f52                z_priq_dumb_best
 .text.z_ready_thread
                0x0000000000006f60       0x38 zephyr/kernel/libkernel.a(sched.c.obj)
                0x0000000000006f60                z_ready_thread
 .text.z_thread_timeout
                0x0000000000006f98       0x70 zephyr/kernel/libkernel.a(sched.c.obj)
                0x0000000000006f98                z_thread_timeout
 .text.add_to_waitq_locked
                0x0000000000007008       0x54 zephyr/kernel/libkernel.a(sched.c.obj)
 .text.pend     0x000000000000705c       0x44 zephyr/kernel/libkernel.a(sched.c.obj)
 .text.z_unpend1_no_timeout
                0x00000000000070a0       0x4e zephyr/kernel/libkernel.a(sched.c.obj)
                0x00000000000070a0                z_unpend1_no_timeout
 .text.z_unpend_first_thread
                0x00000000000070ee       0x56 zephyr/kernel/libkernel.a(sched.c.obj)
                0x00000000000070ee                z_unpend_first_thread
 .text.init_ready_q
                0x0000000000007144        0x8 zephyr/kernel/libkernel.a(sched.c.obj)
                0x0000000000007144                init_ready_q
 .text.remove_timeout
                0x000000000000714c       0x2e zephyr/kernel/libkernel.a(timeout.c.obj)
 .text.z_abort_timeout
                0x000000000000717a       0x3c zephyr/kernel/libkernel.a(timeout.c.obj)
                0x000000000000717a                z_abort_timeout
 .text.z_get_next_timeout_expiry
                0x00000000000071b6       0x2e zephyr/kernel/libkernel.a(timeout.c.obj)
                0x00000000000071b6                z_get_next_timeout_expiry
 .text.z_set_timeout_expiry
                0x00000000000071e4       0x56 zephyr/kernel/libkernel.a(timeout.c.obj)
                0x00000000000071e4                z_set_timeout_expiry
 .text.sys_clock_tick_get_32
                0x000000000000723a        0x8 zephyr/kernel/libkernel.a(timeout.c.obj)
                0x000000000000723a                sys_clock_tick_get_32
 .text.z_impl_k_busy_wait
                0x0000000000007242        0xc zephyr/kernel/libkernel.a(timeout.c.obj)
                0x0000000000007242                z_impl_k_busy_wait
 .text.k_timer_init
                0x000000000000724e       0x18 zephyr/kernel/libkernel.a(timer.c.obj)
                0x000000000000724e                k_timer_init
 .text.z_impl_k_timer_stop
                0x0000000000007266       0x36 zephyr/kernel/libkernel.a(timer.c.obj)
                0x0000000000007266                z_impl_k_timer_stop
 .text._OffsetAbsSyms
                0x000000000000729c        0x2 zephyr/CMakeFiles/offsets.dir/./arch/arm/core/offsets/offsets.c.obj
                0x000000000000729c                _OffsetAbsSyms
 *(SORT_BY_ALIGNMENT(.TEXT.*))
 *fill*         0x000000000000729e        0x2 
 .TEXT.z_arm_platform_init
                0x00000000000072a0        0x4 zephyr/libzephyr.a(soc_nrf_common.S.obj)
                0x00000000000072a0                z_arm_platform_init
 *(SORT_BY_ALIGNMENT(.gnu.linkonce.t.*))
 *(SORT_BY_ALIGNMENT(.glue_7t))
 .glue_7t       0x00000000000072a4        0x0 linker stubs
 *(SORT_BY_ALIGNMENT(.glue_7))
 .glue_7        0x00000000000072a4        0x0 linker stubs
 *(SORT_BY_ALIGNMENT(.vfp11_veneer))
 .vfp11_veneer  0x00000000000072a4        0x0 linker stubs
 *(SORT_BY_ALIGNMENT(.v4_bx))
 .v4_bx         0x00000000000072a4        0x0 linker stubs
                0x00000000000072a4                __text_region_end = .

.ARM.exidx      0x00000000000072a4        0x8
                0x00000000000072a4                __exidx_start = .
 *(SORT_BY_ALIGNMENT(.ARM.exidx*) SORT_BY_ALIGNMENT(gnu.linkonce.armexidx.*))
 .ARM.exidx     0x00000000000072a4        0x8 c:/ncs/toolchains/v2.0.0/opt/zephyr-sdk/arm-zephyr-eabi/bin/../lib/gcc/arm-zephyr-eabi/10.3.0/thumb/v7e-m/nofp\libgcc.a(_udivmoddi4.o)
                0x00000000000072ac                __exidx_end = .
                0x00000000000072ac                __rodata_region_start = .

initlevel       0x00000000000072ac       0x60
                0x00000000000072ac                __init_start = .
                0x00000000000072ac                __init_PRE_KERNEL_1_start = .
 *(SORT_BY_NAME(SORT_BY_ALIGNMENT(.z_init_PRE_KERNEL_1[0-9]_*)))
 .z_init_PRE_KERNEL_10_
                0x00000000000072ac        0x8 zephyr/soc/arm/nordic_nrf/nrf52/libsoc__arm__nordic_nrf__nrf52.a(soc.c.obj)
 *(SORT_BY_NAME(SORT_BY_ALIGNMENT(.z_init_PRE_KERNEL_1[1-9][0-9]_*)))
 .z_init_PRE_KERNEL_130_
                0x00000000000072b4        0x8 zephyr/drivers/clock_control/libdrivers__clock_control.a(clock_control_nrf.c.obj)
 .z_init_PRE_KERNEL_130_
                0x00000000000072bc        0x8 modules/segger/libmodules__segger.a(SEGGER_RTT_zephyr.c.obj)
 .z_init_PRE_KERNEL_130_
                0x00000000000072c4        0x8 zephyr/kernel/libkernel.a(mem_slab.c.obj)
 .z_init_PRE_KERNEL_140_
                0x00000000000072cc       0x10 zephyr/drivers/gpio/libdrivers__gpio.a(gpio_nrfx.c.obj)
 .z_init_PRE_KERNEL_140_
                0x00000000000072dc        0x8 modules/nrf/drivers/hw_cc310/lib..__nrf__drivers__hw_cc310.a(hw_cc310.c.obj)
 .z_init_PRE_KERNEL_155_
                0x00000000000072e4       0x10 zephyr/drivers/serial/libdrivers__serial.a(uart_nrfx_uarte.c.obj)
 .z_init_PRE_KERNEL_160_
                0x00000000000072f4        0x8 zephyr/drivers/console/libdrivers__console.a(uart_console.c.obj)
                0x00000000000072fc                __init_PRE_KERNEL_2_start = .
 *(SORT_BY_NAME(SORT_BY_ALIGNMENT(.z_init_PRE_KERNEL_2[0-9]_*)))
 .z_init_PRE_KERNEL_20_
                0x00000000000072fc        0x8 zephyr/drivers/timer/libdrivers__timer.a(nrf_rtc_timer.c.obj)
 *(SORT_BY_NAME(SORT_BY_ALIGNMENT(.z_init_PRE_KERNEL_2[1-9][0-9]_*)))
                0x0000000000007304                __init_POST_KERNEL_start = .
 *(SORT_BY_NAME(SORT_BY_ALIGNMENT(.z_init_POST_KERNEL[0-9]_*)))
 *(SORT_BY_NAME(SORT_BY_ALIGNMENT(.z_init_POST_KERNEL[1-9][0-9]_*)))
 .z_init_POST_KERNEL40_
                0x0000000000007304        0x8 modules/nrf/drivers/hw_cc310/lib..__nrf__drivers__hw_cc310.a(hw_cc310.c.obj)
                0x000000000000730c                __init_APPLICATION_start = .
 *(SORT_BY_NAME(SORT_BY_ALIGNMENT(.z_init_APPLICATION[0-9]_*)))
 *(SORT_BY_NAME(SORT_BY_ALIGNMENT(.z_init_APPLICATION[1-9][0-9]_*)))
                0x000000000000730c                __init_SMP_start = .
 *(SORT_BY_NAME(SORT_BY_ALIGNMENT(.z_init_SMP[0-9]_*)))
 *(SORT_BY_NAME(SORT_BY_ALIGNMENT(.z_init_SMP[1-9][0-9]_*)))
                0x000000000000730c                __init_end = .

devices         0x000000000000730c       0x78
                0x000000000000730c                __device_start = .
                0x000000000000730c                __device_PRE_KERNEL_1_start = .
 *(SORT_BY_NAME(SORT_BY_ALIGNMENT(.z_device_PRE_KERNEL_1[0-9]_*)))
 *(SORT_BY_NAME(SORT_BY_ALIGNMENT(.z_device_PRE_KERNEL_1[1-9][0-9]_*)))
 .z_device_PRE_KERNEL_130_
                0x000000000000730c       0x18 zephyr/drivers/clock_control/libdrivers__clock_control.a(clock_control_nrf.c.obj)
                0x000000000000730c                __device_dts_ord_72
 .z_device_PRE_KERNEL_140_
                0x0000000000007324       0x30 zephyr/drivers/gpio/libdrivers__gpio.a(gpio_nrfx.c.obj)
                0x0000000000007324                __device_dts_ord_104
                0x000000000000733c                __device_dts_ord_11
 .z_device_PRE_KERNEL_155_
                0x0000000000007354       0x30 zephyr/drivers/serial/libdrivers__serial.a(uart_nrfx_uarte.c.obj)
                0x0000000000007354                __device_dts_ord_113
                0x000000000000736c                __device_dts_ord_112
                0x0000000000007384                __device_PRE_KERNEL_2_start = .
 *(SORT_BY_NAME(SORT_BY_ALIGNMENT(.z_device_PRE_KERNEL_2[0-9]_*)))
 *(SORT_BY_NAME(SORT_BY_ALIGNMENT(.z_device_PRE_KERNEL_2[1-9][0-9]_*)))
                0x0000000000007384                __device_POST_KERNEL_start = .
 *(SORT_BY_NAME(SORT_BY_ALIGNMENT(.z_device_POST_KERNEL[0-9]_*)))
 *(SORT_BY_NAME(SORT_BY_ALIGNMENT(.z_device_POST_KERNEL[1-9][0-9]_*)))
                0x0000000000007384                __device_APPLICATION_start = .
 *(SORT_BY_NAME(SORT_BY_ALIGNMENT(.z_device_APPLICATION[0-9]_*)))
 *(SORT_BY_NAME(SORT_BY_ALIGNMENT(.z_device_APPLICATION[1-9][0-9]_*)))
                0x0000000000007384                __device_SMP_start = .
 *(SORT_BY_NAME(SORT_BY_ALIGNMENT(.z_device_SMP[0-9]_*)))
 *(SORT_BY_NAME(SORT_BY_ALIGNMENT(.z_device_SMP[1-9][0-9]_*)))
                0x0000000000007384                __device_end = .

sw_isr_table    0x0000000000007384      0x180
                0x0000000000007384                . = ALIGN (0x0)
 *(SORT_BY_ALIGNMENT(.gnu.linkonce.sw_isr_table*))
 .gnu.linkonce.sw_isr_table
                0x0000000000007384      0x180 zephyr/CMakeFiles/zephyr_final.dir/isr_tables.c.obj
                0x0000000000007384                _sw_isr_table

initlevel_error
                0x00000000000072ac        0x0
 *(SORT_BY_NAME(SORT_BY_ALIGNMENT(.z_init_[_A-Z0-9]*)))
                0x0000000000000001                ASSERT ((SIZEOF (initlevel_error) == 0x0), Undefined initialization levels used.)

app_shmem_regions
                0x0000000000007504        0x0
                0x0000000000007504                __app_shmem_regions_start = .
 *(SORT_BY_NAME(SORT_BY_ALIGNMENT(.app_regions.*)))
                0x0000000000007504                __app_shmem_regions_end = .

bt_l2cap_fixed_chan_area
                0x0000000000007504        0x0
                0x0000000000007504                _bt_l2cap_fixed_chan_list_start = .
 *(SORT_BY_NAME(SORT_BY_ALIGNMENT(._bt_l2cap_fixed_chan.static.*)))
                0x0000000000007504                _bt_l2cap_fixed_chan_list_end = .

bt_gatt_service_static_area
                0x0000000000007504        0x0
                0x0000000000007504                _bt_gatt_service_static_list_start = .
 *(SORT_BY_NAME(SORT_BY_ALIGNMENT(._bt_gatt_service_static.static.*)))
                0x0000000000007504                _bt_gatt_service_static_list_end = .

k_p4wq_initparam_area
                0x0000000000007504        0x0
                0x0000000000007504                _k_p4wq_initparam_list_start = .
 *(SORT_BY_NAME(SORT_BY_ALIGNMENT(._k_p4wq_initparam.static.*)))
                0x0000000000007504                _k_p4wq_initparam_list_end = .

log_strings_sections
                0x0000000000007504        0x0
                0x0000000000007504                __log_strings_start = .
 *(SORT_BY_NAME(SORT_BY_ALIGNMENT(.log_strings*)))
                0x0000000000007504                __log_strings_end = .

log_const_sections
                0x0000000000007504        0x0
                0x0000000000007504                __log_const_start = .
 *(SORT_BY_NAME(SORT_BY_ALIGNMENT(.log_const_*)))
                0x0000000000007504                __log_const_end = .

log_backends_sections
                0x0000000000007504        0x0
                0x0000000000007504                __log_backends_start = .
 *(SORT_BY_ALIGNMENT(._log_backend.*))
                0x0000000000007504                __log_backends_end = .

shell_area      0x0000000000007504        0x0
                0x0000000000007504                _shell_list_start = .
 *(SORT_BY_NAME(SORT_BY_ALIGNMENT(._shell.static.*)))
                0x0000000000007504                _shell_list_end = .

shell_root_cmds_sections
                0x0000000000007504        0x0
                0x0000000000007504                __shell_root_cmds_start = .
 *(SORT_BY_NAME(SORT_BY_ALIGNMENT(.shell_root_cmd_*)))
                0x0000000000007504                __shell_root_cmds_end = .

font_entry_sections
                0x0000000000007504        0x0
                0x0000000000007504                __font_entry_start = .
 *(SORT_BY_NAME(SORT_BY_ALIGNMENT(._cfb_font.*)))
                0x0000000000007504                __font_entry_end = .

tracing_backend_area
                0x0000000000007504        0x0
                0x0000000000007504                _tracing_backend_list_start = .
 *(SORT_BY_NAME(SORT_BY_ALIGNMENT(._tracing_backend.static.*)))
                0x0000000000007504                _tracing_backend_list_end = .

zephyr_dbg_info
                0x0000000000007504       0x3c
 *(SORT_BY_ALIGNMENT(.dbg_thread_info))
 .dbg_thread_info
                0x0000000000007504       0x3c zephyr/libzephyr.a(thread_info.c.obj)
                0x0000000000007504                _kernel_openocd_size_t_size
                0x0000000000007504                _kernel_thread_info_size_t_size
                0x0000000000007508                _kernel_openocd_num_offsets
                0x0000000000007508                _kernel_thread_info_num_offsets
                0x000000000000750c                _kernel_openocd_offsets
                0x000000000000750c                _kernel_thread_info_offsets

device_handles  0x0000000000007540       0x1e
                0x0000000000007540                __device_handles_start = .
 *(SORT_BY_NAME(SORT_BY_ALIGNMENT(.__device_handles_pass2*)))
 .__device_handles_pass2
                0x0000000000007540       0x1e zephyr/CMakeFiles/zephyr_final.dir/dev_handles.c.obj
                0x0000000000007540                __devicehdl_DT_N_S_soc_S_uart_40002000
                0x0000000000007546                __devicehdl_DT_N_S_soc_S_uart_40028000
                0x000000000000754c                __devicehdl_DT_N_S_soc_S_gpio_50000000
                0x0000000000007552                __devicehdl_DT_N_S_soc_S_gpio_50000300
                0x0000000000007558                __devicehdl_DT_N_S_soc_S_clock_40000000
                0x000000000000755e                __device_handles_end = .

rodata          0x0000000000007560      0x390
 *(SORT_BY_ALIGNMENT(.rodata))
 .rodata        0x0000000000007560        0x8 modules/hal_nordic/nrfx/libmodules__hal_nordic__nrfx.a(nrfx_gpiote.c.obj)
 *(SORT_BY_ALIGNMENT(.rodata.*))
 *fill*         0x0000000000007568        0x8 
 .rodata.delay_machine_code.0
                0x0000000000007570        0x6 zephyr/soc/arm/nordic_nrf/nrf52/libsoc__arm__nordic_nrf__nrf52.a(soc.c.obj)
 *fill*         0x0000000000007576        0x2 
 .rodata.main.str1.4
                0x0000000000007578       0x2d app/libapp.a(main.c.obj)
 *fill*         0x00000000000075a5        0x3 
 .rodata.led0   0x00000000000075a8        0x8 app/libapp.a(main.c.obj)
 .rodata.led1   0x00000000000075b0        0x8 app/libapp.a(main.c.obj)
 .rodata.led2   0x00000000000075b8        0x8 app/libapp.a(main.c.obj)
 .rodata.cbvprintf.str1.4
                0x00000000000075c0        0x6 zephyr/libzephyr.a(cbprintf_complete.c.obj)
 *fill*         0x00000000000075c6        0x2 
 .rodata.sys_reboot.str1.4
                0x00000000000075c8       0x29 zephyr/libzephyr.a(reboot.c.obj)
 *fill*         0x00000000000075f1        0x3 
 .rodata.pmstates_DT_N_S_cpus_S_cpu_0
                0x00000000000075f4        0x0 zephyr/libzephyr.a(state.c.obj)
 .rodata.apis   0x00000000000075f4        0x8 zephyr/libzephyr.a(nrf_cc3xx_platform_abort_zephyr.c.obj)
 .rodata.mutex_free_platform.str1.4
                0x00000000000075fc       0x26 zephyr/libzephyr.a(nrf_cc3xx_platform_mutex_zephyr.c.obj)
 *fill*         0x0000000000007622        0x2 
 .rodata.mutex_init_platform.str1.4
                0x0000000000007624       0x2d zephyr/libzephyr.a(nrf_cc3xx_platform_mutex_zephyr.c.obj)
 *fill*         0x0000000000007651        0x3 
 .rodata.mutex_apis
                0x0000000000007654       0x10 zephyr/libzephyr.a(nrf_cc3xx_platform_mutex_zephyr.c.obj)
 .rodata.mutexes
                0x0000000000007664       0x14 zephyr/libzephyr.a(nrf_cc3xx_platform_mutex_zephyr.c.obj)
 .rodata.static_regions
                0x0000000000007678        0xc zephyr/arch/arch/arm/core/aarch32/mpu/libarch__arm__core__aarch32__mpu.a(arm_core_mpu.c.obj)
 .rodata.str1.4
                0x0000000000007684        0xf zephyr/soc/arm/common/cortex_m/libsoc__arm__common__cortex_m.a(arm_mpu_regions.c.obj)
 *fill*         0x0000000000007693        0x1 
 .rodata.mpu_config
                0x0000000000007694        0x8 zephyr/soc/arm/common/cortex_m/libsoc__arm__common__cortex_m.a(arm_mpu_regions.c.obj)
                0x0000000000007694                mpu_config
 .rodata.mpu_regions
                0x000000000000769c       0x18 zephyr/soc/arm/common/cortex_m/libsoc__arm__common__cortex_m.a(arm_mpu_regions.c.obj)
 .rodata.str1.4
                0x00000000000076b4        0x6 zephyr/drivers/clock_control/libdrivers__clock_control.a(clock_control_nrf.c.obj)
 *fill*         0x00000000000076ba        0x2 
 .rodata.clock_control_api
                0x00000000000076bc       0x18 zephyr/drivers/clock_control/libdrivers__clock_control.a(clock_control_nrf.c.obj)
 .rodata.config
                0x00000000000076d4       0x10 zephyr/drivers/clock_control/libdrivers__clock_control.a(clock_control_nrf.c.obj)
 .rodata.transitions.0
                0x00000000000076e4        0xc zephyr/drivers/clock_control/libdrivers__clock_control.a(clock_control_nrf.c.obj)
 .rodata.str1.4
                0x00000000000076f0        0xf zephyr/drivers/gpio/libdrivers__gpio.a(gpio_nrfx.c.obj)
 *fill*         0x00000000000076ff        0x1 
 .rodata.gpio_nrfx_drv_api_funcs
                0x0000000000007700       0x24 zephyr/drivers/gpio/libdrivers__gpio.a(gpio_nrfx.c.obj)
 .rodata.gpio_nrfx_p0_cfg
                0x0000000000007724       0x10 zephyr/drivers/gpio/libdrivers__gpio.a(gpio_nrfx.c.obj)
 .rodata.gpio_nrfx_p1_cfg
                0x0000000000007734       0x10 zephyr/drivers/gpio/libdrivers__gpio.a(gpio_nrfx.c.obj)
 .rodata.str1.4
                0x0000000000007744        0xf zephyr/drivers/serial/libdrivers__serial.a(uart_nrfx_uarte.c.obj)
 *fill*         0x0000000000007753        0x1 
 .rodata.__pinctrl_dev_config__device_dts_ord_112
                0x0000000000007754        0xc zephyr/drivers/serial/libdrivers__serial.a(uart_nrfx_uarte.c.obj)
 .rodata.__pinctrl_dev_config__device_dts_ord_113
                0x0000000000007760        0xc zephyr/drivers/serial/libdrivers__serial.a(uart_nrfx_uarte.c.obj)
 .rodata.__pinctrl_state_pins_0__device_dts_ord_112
                0x000000000000776c       0x10 zephyr/drivers/serial/libdrivers__serial.a(uart_nrfx_uarte.c.obj)
 .rodata.__pinctrl_state_pins_0__device_dts_ord_113
                0x000000000000777c        0x8 zephyr/drivers/serial/libdrivers__serial.a(uart_nrfx_uarte.c.obj)
 .rodata.__pinctrl_states__device_dts_ord_112
                0x0000000000007784        0x8 zephyr/drivers/serial/libdrivers__serial.a(uart_nrfx_uarte.c.obj)
 .rodata.__pinctrl_states__device_dts_ord_113
                0x000000000000778c        0x8 zephyr/drivers/serial/libdrivers__serial.a(uart_nrfx_uarte.c.obj)
 .rodata.uart_nrfx_uarte_driver_api
                0x0000000000007794       0x2c zephyr/drivers/serial/libdrivers__serial.a(uart_nrfx_uarte.c.obj)
 .rodata.uarte_0z_config
                0x00000000000077c0       0x18 zephyr/drivers/serial/libdrivers__serial.a(uart_nrfx_uarte.c.obj)
 .rodata.uarte_1z_config
                0x00000000000077d8       0x18 zephyr/drivers/serial/libdrivers__serial.a(uart_nrfx_uarte.c.obj)
 .rodata._DoInit.str1.4
                0x00000000000077f0       0x17 modules/segger/libmodules__segger.a(SEGGER_RTT.c.obj)
 *fill*         0x0000000000007807        0x1 
 .rodata.levels.0
                0x0000000000007808       0x14 zephyr/kernel/libkernel.a(device.c.obj)
 .rodata._k_neg_eagain
                0x000000000000781c        0x4 zephyr/kernel/libkernel.a(errno.c.obj)
                0x000000000000781c                _k_neg_eagain
 .rodata.init_idle_thread.str1.4
                0x0000000000007820        0x5 zephyr/kernel/libkernel.a(init.c.obj)
 *fill*         0x0000000000007825        0x3 
 .rodata.prepare_multithreading.str1.4
                0x0000000000007828        0x5 zephyr/kernel/libkernel.a(init.c.obj)
 *fill*         0x000000000000782d        0x3 
 .rodata.boot_banner.str1.4
                0x0000000000007830       0x37 zephyr/kernel/libkernel.a(banner.c.obj)
                                         0x3b (size before relaxing)
 *fill*         0x0000000000007867        0x1 
 .rodata.CSWTCH.12
                0x0000000000007868       0x1c C:/ncs/v2.0.0/nrfxlib/crypto/nrf_cc310_platform/lib/cortex-m4/soft-float/no-interrupts/libnrf_cc310_platform_0.9.14.a(nrf_cc3xx_platform.c.obj)
 .rodata.mutex_free.str1.4
                0x0000000000007884       0x26 C:/ncs/v2.0.0/nrfxlib/crypto/nrf_cc310_platform/lib/cortex-m4/soft-float/no-interrupts/libnrf_cc310_platform_0.9.14.a(nrf_cc3xx_platform_mutex.c.obj)
 *fill*         0x00000000000078aa        0x2 
 .rodata.mutex_init.str1.4
                0x00000000000078ac       0x23 C:/ncs/v2.0.0/nrfxlib/crypto/nrf_cc310_platform/lib/cortex-m4/soft-float/no-interrupts/libnrf_cc310_platform_0.9.14.a(nrf_cc3xx_platform_mutex.c.obj)
 *fill*         0x00000000000078cf        0x1 
 .rodata.CC_PalPowerSaveModeInit.str1.4
                0x00000000000078d0       0x20 C:/ncs/v2.0.0/nrfxlib/crypto/nrf_cc310_platform/lib/cortex-m4/soft-float/no-interrupts/libnrf_cc310_platform_0.9.14.a(cc_pal_pm.c.obj)
 *(SORT_BY_ALIGNMENT(.gnu.linkonce.r.*))
                0x00000000000078f0                . = ALIGN (0x4)
                0x00000000000078f0                __rodata_region_end = .
                0x0000000000007900                . = ALIGN (_region_min_align)
                0x0000000000008000                . = ALIGN ((0x1 << ((__rodata_region_end - __rom_region_start) <= 0x4)?0x2:((__rodata_region_end - __rom_region_start) <= 0x8)?0x3:((__rodata_region_end - __rom_region_start) <= 0x10)?0x4:((__rodata_region_end - __rom_region_start) <= 0x20)?0x5:((__rodata_region_end - __rom_region_start) <= 0x40)?0x6:((__rodata_region_end - __rom_region_start) <= 0x80)?0x7:((__rodata_region_end - __rom_region_start) <= 0x100)?0x8:((__rodata_region_end - __rom_region_start) <= 0x200)?0x9:((__rodata_region_end - __rom_region_start) <= 0x400)?0xa:((__rodata_region_end - __rom_region_start) <= 0x800)?0xb:((__rodata_region_end - __rom_region_start) <= 0x1000)?0xc:((__rodata_region_end - __rom_region_start) <= 0x2000)?0xd:((__rodata_region_end - __rom_region_start) <= 0x4000)?0xe:((__rodata_region_end - __rom_region_start) <= 0x8000)?0xf:((__rodata_region_end - __rom_region_start) <= 0x10000)?0x10:((__rodata_region_end - __rom_region_start) <= 0x20000)?0x11:((__rodata_region_end - __rom_region_start) <= 0x40000)?0x12:((__rodata_region_end - __rom_region_start) <= 0x80000)?0x13:((__rodata_region_end - __rom_region_start) <= 0x100000)?0x14:((__rodata_region_end - __rom_region_start) <= 0x200000)?0x15:((__rodata_region_end - __rom_region_start) <= 0x400000)?0x16:((__rodata_region_end - __rom_region_start) <= 0x800000)?0x17:((__rodata_region_end - __rom_region_start) <= 0x1000000)?0x18:((__rodata_region_end - __rom_region_start) <= 0x2000000)?0x19:((__rodata_region_end - __rom_region_start) <= 0x4000000)?0x1a:((__rodata_region_end - __rom_region_start) <= 0x8000000)?0x1b:((__rodata_region_end - __rom_region_start) <= 0x10000000)?0x1c:((__rodata_region_end - __rom_region_start) <= 0x20000000)?0x1d:((__rodata_region_end - __rom_region_start) <= 0x40000000)?0x1e:((__rodata_region_end - __rom_region_start) <= 0x80000000)?0x1f:0x20))
                0x0000000000008000                __rom_region_end = .
                0x0000000020000000                . = 0x20000000
                0x0000000020000000                . = ALIGN (_region_min_align)
                0x0000000020000000                _image_ram_start = .

.ramfunc        0x0000000020000000        0x0 load address 0x00000000000078f0
                0x0000000020000000                . = ALIGN (_region_min_align)
                0x0000000020000000                . = ALIGN ((0x1 << (__ramfunc_size <= 0x4)?0x2:(__ramfunc_size <= 0x8)?0x3:(__ramfunc_size <= 0x10)?0x4:(__ramfunc_size <= 0x20)?0x5:(__ramfunc_size <= 0x40)?0x6:(__ramfunc_size <= 0x80)?0x7:(__ramfunc_size <= 0x100)?0x8:(__ramfunc_size <= 0x200)?0x9:(__ramfunc_size <= 0x400)?0xa:(__ramfunc_size <= 0x800)?0xb:(__ramfunc_size <= 0x1000)?0xc:(__ramfunc_size <= 0x2000)?0xd:(__ramfunc_size <= 0x4000)?0xe:(__ramfunc_size <= 0x8000)?0xf:(__ramfunc_size <= 0x10000)?0x10:(__ramfunc_size <= 0x20000)?0x11:(__ramfunc_size <= 0x40000)?0x12:(__ramfunc_size <= 0x80000)?0x13:(__ramfunc_size <= 0x100000)?0x14:(__ramfunc_size <= 0x200000)?0x15:(__ramfunc_size <= 0x400000)?0x16:(__ramfunc_size <= 0x800000)?0x17:(__ramfunc_size <= 0x1000000)?0x18:(__ramfunc_size <= 0x2000000)?0x19:(__ramfunc_size <= 0x4000000)?0x1a:(__ramfunc_size <= 0x8000000)?0x1b:(__ramfunc_size <= 0x10000000)?0x1c:(__ramfunc_size <= 0x20000000)?0x1d:(__ramfunc_size <= 0x40000000)?0x1e:(__ramfunc_size <= 0x80000000)?0x1f:0x20))
                0x0000000020000000                __ramfunc_start = .
 *(SORT_BY_ALIGNMENT(.ramfunc))
 *(SORT_BY_ALIGNMENT(.ramfunc.*))
                0x0000000020000000                . = ALIGN (_region_min_align)
                0x0000000020000000                . = ALIGN ((0x1 << (__ramfunc_size <= 0x4)?0x2:(__ramfunc_size <= 0x8)?0x3:(__ramfunc_size <= 0x10)?0x4:(__ramfunc_size <= 0x20)?0x5:(__ramfunc_size <= 0x40)?0x6:(__ramfunc_size <= 0x80)?0x7:(__ramfunc_size <= 0x100)?0x8:(__ramfunc_size <= 0x200)?0x9:(__ramfunc_size <= 0x400)?0xa:(__ramfunc_size <= 0x800)?0xb:(__ramfunc_size <= 0x1000)?0xc:(__ramfunc_size <= 0x2000)?0xd:(__ramfunc_size <= 0x4000)?0xe:(__ramfunc_size <= 0x8000)?0xf:(__ramfunc_size <= 0x10000)?0x10:(__ramfunc_size <= 0x20000)?0x11:(__ramfunc_size <= 0x40000)?0x12:(__ramfunc_size <= 0x80000)?0x13:(__ramfunc_size <= 0x100000)?0x14:(__ramfunc_size <= 0x200000)?0x15:(__ramfunc_size <= 0x400000)?0x16:(__ramfunc_size <= 0x800000)?0x17:(__ramfunc_size <= 0x1000000)?0x18:(__ramfunc_size <= 0x2000000)?0x19:(__ramfunc_size <= 0x4000000)?0x1a:(__ramfunc_size <= 0x8000000)?0x1b:(__ramfunc_size <= 0x10000000)?0x1c:(__ramfunc_size <= 0x20000000)?0x1d:(__ramfunc_size <= 0x40000000)?0x1e:(__ramfunc_size <= 0x80000000)?0x1f:0x20))
                0x0000000020000000                __ramfunc_end = .
                0x0000000000000000                __ramfunc_size = (__ramfunc_end - __ramfunc_start)
                0x00000000000078f0                __ramfunc_load_start = LOADADDR (.ramfunc)

datas           0x0000000020000000      0x1bc load address 0x00000000000078f0
                0x0000000020000000                __data_region_start = .
                0x0000000020000000                __data_start = .
 *(SORT_BY_ALIGNMENT(.data))
 *(SORT_BY_ALIGNMENT(.data.*))
 .data.tx_buf   0x0000000020000000       0x6d app/libapp.a(main.c.obj)
 *fill*         0x000000002000006d        0x3 
 .data.uart     0x0000000020000070        0x4 app/libapp.a(main.c.obj)
                0x0000000020000070                uart
 .data._char_out
                0x0000000020000074        0x4 zephyr/libzephyr.a(printk.c.obj)
                0x0000000020000074                _char_out
 .data.max_latency_ticks
                0x0000000020000078        0x4 zephyr/libzephyr.a(policy.c.obj)
 .data.asym_mutex
                0x000000002000007c        0x8 zephyr/libzephyr.a(nrf_cc3xx_platform_mutex_zephyr.c.obj)
 .data.power_mutex
                0x0000000020000084        0x8 zephyr/libzephyr.a(nrf_cc3xx_platform_mutex_zephyr.c.obj)
 .data.rng_mutex